@!@!@STARTMSG 2262:0 @!@!@
TLC2 Version 2026.04.06.192533 (rev: 7d2f2a1)
@!@!@ENDMSG 2262 @!@!@
@!@!@STARTMSG 2187:0 @!@!@
Running breadth-first search Model-Checking with fp 20 and seed -6782499710635926563 with 20 workers on 20 cores with 14091MB heap and 64MB offheap memory [pid: 62297] (Linux 6.17.0-111019-tuxedo amd64, Ubuntu 21.0.10 64bit, MSBDiskFPSet, DiskStateQueue).
@!@!@ENDMSG 2187 @!@!@
@!@!@STARTMSG 2220:0 @!@!@
Starting SANY...
@!@!@ENDMSG 2220 @!@!@
Parsing file /home/danield/PhD/relab/formal-modeling-beefy-artifacts/SingleActiveRound/MC_Beefy.tla
Parsing file /home/danield/PhD/relab/formal-modeling-beefy-artifacts/SingleActiveRound/Beefy.tla
Parsing file /tmp/tlc-14763299777744884763/FiniteSets.tla (jar:file:/home/danield/.vscode/extensions/tlaplus.vscode-ide-2026.4.61934/tools/tla2tools.jar!/tla2sany/StandardModules/FiniteSets.tla)
Parsing file /tmp/tlc-14763299777744884763/TLC.tla (jar:file:/home/danield/.vscode/extensions/tlaplus.vscode-ide-2026.4.61934/tools/tla2tools.jar!/tla2sany/StandardModules/TLC.tla)
Parsing file /tmp/tlc-14763299777744884763/_TLCTrace.tla (jar:file:/home/danield/.vscode/extensions/tlaplus.vscode-ide-2026.4.61934/tools/tla2tools.jar!/tla2sany/StandardModules/_TLCTrace.tla)
Parsing file /tmp/tlc-14763299777744884763/Integers.tla (jar:file:/home/danield/.vscode/extensions/tlaplus.vscode-ide-2026.4.61934/tools/tla2tools.jar!/tla2sany/StandardModules/Integers.tla)
Parsing file /home/danield/PhD/relab/formal-modeling-beefy-artifacts/SingleActiveRound/typedefs.tla
Parsing file /tmp/tlc-14763299777744884763/Naturals.tla (jar:file:/home/danield/.vscode/extensions/tlaplus.vscode-ide-2026.4.61934/tools/tla2tools.jar!/tla2sany/StandardModules/Naturals.tla)
Parsing file /tmp/tlc-14763299777744884763/Sequences.tla (jar:file:/home/danield/.vscode/extensions/tlaplus.vscode-ide-2026.4.61934/tools/tla2tools.jar!/tla2sany/StandardModules/Sequences.tla)
Parsing file /tmp/tlc-14763299777744884763/TLCExt.tla (jar:file:/home/danield/.vscode/extensions/tlaplus.vscode-ide-2026.4.61934/tools/tla2tools.jar!/tla2sany/StandardModules/TLCExt.tla)
Semantic processing of module Naturals
Semantic processing of module Integers
Semantic processing of module Sequences
Semantic processing of module FiniteSets
Semantic processing of module typedefs
Semantic processing of module Beefy
Semantic processing of module TLC
Semantic processing of module TLCExt
Semantic processing of module _TLCTrace
Semantic processing of module MC_Beefy
Linting of module typedefs
Linting of module Beefy
Linting of module TLCExt
Linting of module _TLCTrace
Linting of module MC_Beefy
@!@!@STARTMSG 2219:0 @!@!@
SANY finished.
@!@!@ENDMSG 2219 @!@!@
@!@!@STARTMSG 2185:0 @!@!@
Starting... (2026-04-07 13:24:07)
@!@!@ENDMSG 2185 @!@!@
@!@!@STARTMSG 2212:0 @!@!@
Implied-temporal checking--satisfiability problem has 8 branches.
@!@!@ENDMSG 2212 @!@!@
@!@!@STARTMSG 2189:0 @!@!@
Computing initial states...
@!@!@ENDMSG 2189 @!@!@
@!@!@STARTMSG 2190:0 @!@!@
Finished computing initial states: 1 distinct state generated at 2026-04-07 13:24:08.
@!@!@ENDMSG 2190 @!@!@
@!@!@STARTMSG 2192:0 @!@!@
Checking 8 branches of temporal properties for the current state space with 73632 total distinct states at (2026-04-07 13:24:11)
@!@!@ENDMSG 2192 @!@!@
@!@!@STARTMSG 2267:0 @!@!@
Finished checking temporal properties in 00s at 2026-04-07 13:24:11
@!@!@ENDMSG 2267 @!@!@
@!@!@STARTMSG 2200:0 @!@!@
Progress(9) at 2026-04-07 13:24:11: 33,254 states generated (33,254 s/min), 9,204 distinct states found (9,204 ds/min), 5,582 states left on queue.
@!@!@ENDMSG 2200 @!@!@
@!@!@STARTMSG 2192:0 @!@!@
Checking 8 branches of temporal properties for the current state space with 1402000 total distinct states at (2026-04-07 13:25:11)
@!@!@ENDMSG 2192 @!@!@
@!@!@STARTMSG 2116:1 @!@!@
Temporal property MandatoryBlocksJustified was violated.

@!@!@ENDMSG 2116 @!@!@
@!@!@STARTMSG 2264:1 @!@!@
The following behavior constitutes a counter-example:

@!@!@ENDMSG 2264 @!@!@
@!@!@STARTMSG 2217:4 @!@!@
1: <Initial predicate>
/\ epoch = (b0 :> 0 @@ b1 :> -1 @@ b2 :> -1 @@ b3 :> -1)
/\ bestBEEFY = (c1 :> b0 @@ c2 :> b0 @@ c3 :> b0)
/\ height = (b0 :> 0 @@ b1 :> -1 @@ b2 :> -1 @@ b3 :> -1)
/\ bestGRANDPA = (c1 :> b0 @@ c2 :> b0 @@ c3 :> b0)
/\ pc = (c1 :> "Receive" @@ c2 :> "Receive" @@ c3 :> "Receive")
/\ sessionStart = (c1 :> b0 @@ c2 :> b0 @@ c3 :> b0)
/\ parent = (b0 :> b0 @@ b1 :> b1 @@ b2 :> b2 @@ b3 :> b3)
/\ mandatoryBlocks = (c1 :> {b0} @@ c2 :> {b0} @@ c3 :> {b0})
/\ votes = (b0 :> {c1, c2, c3, f1} @@ b1 :> {} @@ b2 :> {} @@ b3 :> {})
/\ round = (c1 :> {} @@ c2 :> {} @@ c3 :> {})
/\ status = (b0 :> "Finalized" @@ b1 :> "None" @@ b2 :> "None" @@ b3 :> "None")

@!@!@ENDMSG 2217 @!@!@
@!@!@STARTMSG 2217:4 @!@!@
2: <MC_Propose(0) line 57, col 5 to line 62, col 44 of module MC_Beefy>
/\ epoch = (b0 :> 0 @@ b1 :> 0 @@ b2 :> -1 @@ b3 :> -1)
/\ bestBEEFY = (c1 :> b0 @@ c2 :> b0 @@ c3 :> b0)
/\ height = (b0 :> 0 @@ b1 :> 1 @@ b2 :> -1 @@ b3 :> -1)
/\ bestGRANDPA = (c1 :> b0 @@ c2 :> b0 @@ c3 :> b0)
/\ pc = (c1 :> "Receive" @@ c2 :> "Receive" @@ c3 :> "Receive")
/\ sessionStart = (c1 :> b0 @@ c2 :> b0 @@ c3 :> b0)
/\ parent = (b0 :> b0 @@ b1 :> b0 @@ b2 :> b2 @@ b3 :> b3)
/\ mandatoryBlocks = (c1 :> {b0} @@ c2 :> {b0} @@ c3 :> {b0})
/\ votes = (b0 :> {c1, c2, c3, f1} @@ b1 :> {} @@ b2 :> {} @@ b3 :> {})
/\ round = (c1 :> {} @@ c2 :> {} @@ c3 :> {})
/\ status = (b0 :> "Finalized" @@ b1 :> "Finalized" @@ b2 :> "None" @@ b3 :> "None")

@!@!@ENDMSG 2217 @!@!@
@!@!@STARTMSG 2217:4 @!@!@
3: <UpdateGRANDPAView(c1,b1) line 321, col 5 to line 328, col 43 of module Beefy>
/\ epoch = (b0 :> 0 @@ b1 :> 0 @@ b2 :> -1 @@ b3 :> -1)
/\ bestBEEFY = (c1 :> b0 @@ c2 :> b0 @@ c3 :> b0)
/\ height = (b0 :> 0 @@ b1 :> 1 @@ b2 :> -1 @@ b3 :> -1)
/\ bestGRANDPA = (c1 :> b1 @@ c2 :> b0 @@ c3 :> b0)
/\ pc = (c1 :> "Vote" @@ c2 :> "Receive" @@ c3 :> "Receive")
/\ sessionStart = (c1 :> b0 @@ c2 :> b0 @@ c3 :> b0)
/\ parent = (b0 :> b0 @@ b1 :> b0 @@ b2 :> b2 @@ b3 :> b3)
/\ mandatoryBlocks = (c1 :> {b0} @@ c2 :> {b0} @@ c3 :> {b0})
/\ votes = (b0 :> {c1, c2, c3, f1} @@ b1 :> {} @@ b2 :> {} @@ b3 :> {})
/\ round = (c1 :> {} @@ c2 :> {} @@ c3 :> {})
/\ status = (b0 :> "Finalized" @@ b1 :> "Finalized" @@ b2 :> "None" @@ b3 :> "None")

@!@!@ENDMSG 2217 @!@!@
@!@!@STARTMSG 2217:4 @!@!@
4: <MC_Propose(1) line 57, col 5 to line 62, col 44 of module MC_Beefy>
/\ epoch = (b0 :> 0 @@ b1 :> 0 @@ b2 :> 1 @@ b3 :> -1)
/\ bestBEEFY = (c1 :> b0 @@ c2 :> b0 @@ c3 :> b0)
/\ height = (b0 :> 0 @@ b1 :> 1 @@ b2 :> 2 @@ b3 :> -1)
/\ bestGRANDPA = (c1 :> b1 @@ c2 :> b0 @@ c3 :> b0)
/\ pc = (c1 :> "Vote" @@ c2 :> "Receive" @@ c3 :> "Receive")
/\ sessionStart = (c1 :> b0 @@ c2 :> b0 @@ c3 :> b0)
/\ parent = (b0 :> b0 @@ b1 :> b0 @@ b2 :> b1 @@ b3 :> b3)
/\ mandatoryBlocks = (c1 :> {b0} @@ c2 :> {b0} @@ c3 :> {b0})
/\ votes = (b0 :> {c1, c2, c3, f1} @@ b1 :> {} @@ b2 :> {} @@ b3 :> {})
/\ round = (c1 :> {} @@ c2 :> {} @@ c3 :> {})
/\ status = (b0 :> "Finalized" @@ b1 :> "Finalized" @@ b2 :> "Finalized" @@ b3 :> "None")

@!@!@ENDMSG 2217 @!@!@
@!@!@STARTMSG 2217:4 @!@!@
5: <CastVote(c1) line 547, col 5 to line 553, col 51 of module Beefy>
/\ epoch = (b0 :> 0 @@ b1 :> 0 @@ b2 :> 1 @@ b3 :> -1)
/\ bestBEEFY = (c1 :> b0 @@ c2 :> b0 @@ c3 :> b0)
/\ height = (b0 :> 0 @@ b1 :> 1 @@ b2 :> 2 @@ b3 :> -1)
/\ bestGRANDPA = (c1 :> b1 @@ c2 :> b0 @@ c3 :> b0)
/\ pc = (c1 :> "Receive" @@ c2 :> "Receive" @@ c3 :> "Receive")
/\ sessionStart = (c1 :> b0 @@ c2 :> b0 @@ c3 :> b0)
/\ parent = (b0 :> b0 @@ b1 :> b0 @@ b2 :> b1 @@ b3 :> b3)
/\ mandatoryBlocks = (c1 :> {b0} @@ c2 :> {b0} @@ c3 :> {b0})
/\ votes = (b0 :> {c1, c2, c3, f1} @@ b1 :> {c1} @@ b2 :> {} @@ b3 :> {})
/\ round = (c1 :> {1} @@ c2 :> {} @@ c3 :> {})
/\ status = (b0 :> "Finalized" @@ b1 :> "Finalized" @@ b2 :> "Finalized" @@ b3 :> "None")

@!@!@ENDMSG 2217 @!@!@
@!@!@STARTMSG 2217:4 @!@!@
6: <UpdateGRANDPAView(c3,b1) line 321, col 5 to line 328, col 43 of module Beefy>
/\ epoch = (b0 :> 0 @@ b1 :> 0 @@ b2 :> 1 @@ b3 :> -1)
/\ bestBEEFY = (c1 :> b0 @@ c2 :> b0 @@ c3 :> b0)
/\ height = (b0 :> 0 @@ b1 :> 1 @@ b2 :> 2 @@ b3 :> -1)
/\ bestGRANDPA = (c1 :> b1 @@ c2 :> b0 @@ c3 :> b1)
/\ pc = (c1 :> "Receive" @@ c2 :> "Receive" @@ c3 :> "Vote")
/\ sessionStart = (c1 :> b0 @@ c2 :> b0 @@ c3 :> b0)
/\ parent = (b0 :> b0 @@ b1 :> b0 @@ b2 :> b1 @@ b3 :> b3)
/\ mandatoryBlocks = (c1 :> {b0} @@ c2 :> {b0} @@ c3 :> {b0})
/\ votes = (b0 :> {c1, c2, c3, f1} @@ b1 :> {c1} @@ b2 :> {} @@ b3 :> {})
/\ round = (c1 :> {1} @@ c2 :> {} @@ c3 :> {})
/\ status = (b0 :> "Finalized" @@ b1 :> "Finalized" @@ b2 :> "Finalized" @@ b3 :> "None")

@!@!@ENDMSG 2217 @!@!@
@!@!@STARTMSG 2217:4 @!@!@
7: <MC_Propose(1) line 57, col 5 to line 62, col 44 of module MC_Beefy>
/\ epoch = (b0 :> 0 @@ b1 :> 0 @@ b2 :> 1 @@ b3 :> 1)
/\ bestBEEFY = (c1 :> b0 @@ c2 :> b0 @@ c3 :> b0)
/\ height = (b0 :> 0 @@ b1 :> 1 @@ b2 :> 2 @@ b3 :> 3)
/\ bestGRANDPA = (c1 :> b1 @@ c2 :> b0 @@ c3 :> b1)
/\ pc = (c1 :> "Receive" @@ c2 :> "Receive" @@ c3 :> "Vote")
/\ sessionStart = (c1 :> b0 @@ c2 :> b0 @@ c3 :> b0)
/\ parent = (b0 :> b0 @@ b1 :> b0 @@ b2 :> b1 @@ b3 :> b2)
/\ mandatoryBlocks = (c1 :> {b0} @@ c2 :> {b0} @@ c3 :> {b0})
/\ votes = (b0 :> {c1, c2, c3, f1} @@ b1 :> {c1} @@ b2 :> {} @@ b3 :> {})
/\ round = (c1 :> {1} @@ c2 :> {} @@ c3 :> {})
/\ status = ( b0 :> "Finalized" @@
  b1 :> "Finalized" @@
  b2 :> "Finalized" @@
  b3 :> "Finalized" )

@!@!@ENDMSG 2217 @!@!@
@!@!@STARTMSG 2217:4 @!@!@
8: <UpdateGRANDPAView(c1,b2) line 321, col 5 to line 328, col 43 of module Beefy>
/\ epoch = (b0 :> 0 @@ b1 :> 0 @@ b2 :> 1 @@ b3 :> 1)
/\ bestBEEFY = (c1 :> b0 @@ c2 :> b0 @@ c3 :> b0)
/\ height = (b0 :> 0 @@ b1 :> 1 @@ b2 :> 2 @@ b3 :> 3)
/\ bestGRANDPA = (c1 :> b2 @@ c2 :> b0 @@ c3 :> b1)
/\ pc = (c1 :> "Vote" @@ c2 :> "Receive" @@ c3 :> "Vote")
/\ sessionStart = (c1 :> b2 @@ c2 :> b0 @@ c3 :> b0)
/\ parent = (b0 :> b0 @@ b1 :> b0 @@ b2 :> b1 @@ b3 :> b2)
/\ mandatoryBlocks = (c1 :> {b0} @@ c2 :> {b0} @@ c3 :> {b0})
/\ votes = (b0 :> {c1, c2, c3, f1} @@ b1 :> {c1} @@ b2 :> {} @@ b3 :> {})
/\ round = (c1 :> {1} @@ c2 :> {} @@ c3 :> {})
/\ status = ( b0 :> "Finalized" @@
  b1 :> "Finalized" @@
  b2 :> "Finalized" @@
  b3 :> "Finalized" )

@!@!@ENDMSG 2217 @!@!@
@!@!@STARTMSG 2217:4 @!@!@
9: <UpdateGRANDPAView(c2,b3) line 321, col 5 to line 328, col 43 of module Beefy>
/\ epoch = (b0 :> 0 @@ b1 :> 0 @@ b2 :> 1 @@ b3 :> 1)
/\ bestBEEFY = (c1 :> b0 @@ c2 :> b0 @@ c3 :> b0)
/\ height = (b0 :> 0 @@ b1 :> 1 @@ b2 :> 2 @@ b3 :> 3)
/\ bestGRANDPA = (c1 :> b2 @@ c2 :> b3 @@ c3 :> b1)
/\ pc = (c1 :> "Vote" @@ c2 :> "Vote" @@ c3 :> "Vote")
/\ sessionStart = (c1 :> b2 @@ c2 :> b2 @@ c3 :> b0)
/\ parent = (b0 :> b0 @@ b1 :> b0 @@ b2 :> b1 @@ b3 :> b2)
/\ mandatoryBlocks = (c1 :> {b0} @@ c2 :> {b0} @@ c3 :> {b0})
/\ votes = (b0 :> {c1, c2, c3, f1} @@ b1 :> {c1} @@ b2 :> {} @@ b3 :> {})
/\ round = (c1 :> {1} @@ c2 :> {} @@ c3 :> {})
/\ status = ( b0 :> "Finalized" @@
  b1 :> "Finalized" @@
  b2 :> "Finalized" @@
  b3 :> "Finalized" )

@!@!@ENDMSG 2217 @!@!@
@!@!@STARTMSG 2217:4 @!@!@
10: <CastVote(c2) line 547, col 5 to line 553, col 51 of module Beefy>
/\ epoch = (b0 :> 0 @@ b1 :> 0 @@ b2 :> 1 @@ b3 :> 1)
/\ bestBEEFY = (c1 :> b0 @@ c2 :> b0 @@ c3 :> b0)
/\ height = (b0 :> 0 @@ b1 :> 1 @@ b2 :> 2 @@ b3 :> 3)
/\ bestGRANDPA = (c1 :> b2 @@ c2 :> b3 @@ c3 :> b1)
/\ pc = (c1 :> "Vote" @@ c2 :> "Receive" @@ c3 :> "Vote")
/\ sessionStart = (c1 :> b2 @@ c2 :> b2 @@ c3 :> b0)
/\ parent = (b0 :> b0 @@ b1 :> b0 @@ b2 :> b1 @@ b3 :> b2)
/\ mandatoryBlocks = (c1 :> {b0} @@ c2 :> {b0} @@ c3 :> {b0})
/\ votes = (b0 :> {c1, c2, c3, f1} @@ b1 :> {c1} @@ b2 :> {c2} @@ b3 :> {})
/\ round = (c1 :> {1} @@ c2 :> {2} @@ c3 :> {})
/\ status = ( b0 :> "Finalized" @@
  b1 :> "Finalized" @@
  b2 :> "Finalized" @@
  b3 :> "Finalized" )

@!@!@ENDMSG 2217 @!@!@
@!@!@STARTMSG 2217:4 @!@!@
11: <FaultyStep line 562, col 5 to line 566, col 68 of module Beefy>
/\ epoch = (b0 :> 0 @@ b1 :> 0 @@ b2 :> 1 @@ b3 :> 1)
/\ bestBEEFY = (c1 :> b0 @@ c2 :> b0 @@ c3 :> b0)
/\ height = (b0 :> 0 @@ b1 :> 1 @@ b2 :> 2 @@ b3 :> 3)
/\ bestGRANDPA = (c1 :> b2 @@ c2 :> b3 @@ c3 :> b1)
/\ pc = (c1 :> "Vote" @@ c2 :> "Receive" @@ c3 :> "Vote")
/\ sessionStart = (c1 :> b2 @@ c2 :> b2 @@ c3 :> b0)
/\ parent = (b0 :> b0 @@ b1 :> b0 @@ b2 :> b1 @@ b3 :> b2)
/\ mandatoryBlocks = (c1 :> {b0} @@ c2 :> {b0} @@ c3 :> {b0})
/\ votes = (b0 :> {c1, c2, c3, f1} @@ b1 :> {c1} @@ b2 :> {c2, f1} @@ b3 :> {})
/\ round = (c1 :> {1} @@ c2 :> {2} @@ c3 :> {})
/\ status = ( b0 :> "Finalized" @@
  b1 :> "Finalized" @@
  b2 :> "Finalized" @@
  b3 :> "Finalized" )

@!@!@ENDMSG 2217 @!@!@
@!@!@STARTMSG 2217:4 @!@!@
12: <FaultyStep line 562, col 5 to line 566, col 68 of module Beefy>
/\ epoch = (b0 :> 0 @@ b1 :> 0 @@ b2 :> 1 @@ b3 :> 1)
/\ bestBEEFY = (c1 :> b0 @@ c2 :> b0 @@ c3 :> b0)
/\ height = (b0 :> 0 @@ b1 :> 1 @@ b2 :> 2 @@ b3 :> 3)
/\ bestGRANDPA = (c1 :> b2 @@ c2 :> b3 @@ c3 :> b1)
/\ pc = (c1 :> "Vote" @@ c2 :> "Receive" @@ c3 :> "Vote")
/\ sessionStart = (c1 :> b2 @@ c2 :> b2 @@ c3 :> b0)
/\ parent = (b0 :> b0 @@ b1 :> b0 @@ b2 :> b1 @@ b3 :> b2)
/\ mandatoryBlocks = (c1 :> {b0} @@ c2 :> {b0} @@ c3 :> {b0})
/\ votes = (b0 :> {c1, c2, c3, f1} @@ b1 :> {c1, f1} @@ b2 :> {c2, f1} @@ b3 :> {})
/\ round = (c1 :> {1} @@ c2 :> {2} @@ c3 :> {})
/\ status = ( b0 :> "Finalized" @@
  b1 :> "Finalized" @@
  b2 :> "Finalized" @@
  b3 :> "Finalized" )

@!@!@ENDMSG 2217 @!@!@
@!@!@STARTMSG 2217:4 @!@!@
13: <CastVote(c3) line 547, col 5 to line 553, col 51 of module Beefy>
/\ epoch = (b0 :> 0 @@ b1 :> 0 @@ b2 :> 1 @@ b3 :> 1)
/\ bestBEEFY = (c1 :> b0 @@ c2 :> b0 @@ c3 :> b0)
/\ height = (b0 :> 0 @@ b1 :> 1 @@ b2 :> 2 @@ b3 :> 3)
/\ bestGRANDPA = (c1 :> b2 @@ c2 :> b3 @@ c3 :> b1)
/\ pc = (c1 :> "Vote" @@ c2 :> "Receive" @@ c3 :> "Receive")
/\ sessionStart = (c1 :> b2 @@ c2 :> b2 @@ c3 :> b0)
/\ parent = (b0 :> b0 @@ b1 :> b0 @@ b2 :> b1 @@ b3 :> b2)
/\ mandatoryBlocks = (c1 :> {b0} @@ c2 :> {b0} @@ c3 :> {b0})
/\ votes = (b0 :> {c1, c2, c3, f1} @@ b1 :> {c1, c3, f1} @@ b2 :> {c2, f1} @@ b3 :> {})
/\ round = (c1 :> {1} @@ c2 :> {2} @@ c3 :> {1})
/\ status = ( b0 :> "Finalized" @@
  b1 :> "Finalized" @@
  b2 :> "Finalized" @@
  b3 :> "Finalized" )

@!@!@ENDMSG 2217 @!@!@
@!@!@STARTMSG 2217:4 @!@!@
14: <UpdateGRANDPAView(c3,b3) line 321, col 5 to line 328, col 43 of module Beefy>
/\ epoch = (b0 :> 0 @@ b1 :> 0 @@ b2 :> 1 @@ b3 :> 1)
/\ bestBEEFY = (c1 :> b0 @@ c2 :> b0 @@ c3 :> b0)
/\ height = (b0 :> 0 @@ b1 :> 1 @@ b2 :> 2 @@ b3 :> 3)
/\ bestGRANDPA = (c1 :> b2 @@ c2 :> b3 @@ c3 :> b3)
/\ pc = (c1 :> "Vote" @@ c2 :> "Receive" @@ c3 :> "Vote")
/\ sessionStart = (c1 :> b2 @@ c2 :> b2 @@ c3 :> b2)
/\ parent = (b0 :> b0 @@ b1 :> b0 @@ b2 :> b1 @@ b3 :> b2)
/\ mandatoryBlocks = (c1 :> {b0} @@ c2 :> {b0} @@ c3 :> {b0})
/\ votes = (b0 :> {c1, c2, c3, f1} @@ b1 :> {c1, c3, f1} @@ b2 :> {c2, f1} @@ b3 :> {})
/\ round = (c1 :> {1} @@ c2 :> {2} @@ c3 :> {1})
/\ status = ( b0 :> "Finalized" @@
  b1 :> "Finalized" @@
  b2 :> "Finalized" @@
  b3 :> "Finalized" )

@!@!@ENDMSG 2217 @!@!@
@!@!@STARTMSG 2218:4 @!@!@
15: Stuttering
@!@!@ENDMSG 2218 @!@!@
"CounterExample written: /home/danield/PhD/relab/formal-modeling-beefy-artifacts/SingleActiveRound/MC_Beefy_trace_T2026-04-07_11-24-07_F20_Wauto_Mbfs.tlc"
@!@!@STARTMSG 2267:0 @!@!@
Finished checking temporal properties in 01s at 2026-04-07 13:25:12
@!@!@ENDMSG 2267 @!@!@
@!@!@STARTMSG 2201:0 @!@!@
The coverage statistics at 2026-04-07 13:25:12 (see https://explain.tlapl.us/module-coverage-statistics for how to interpret the following statistics).
@!@!@ENDMSG 2201 @!@!@
@!@!@STARTMSG 2779:0 @!@!@
<epoch line 110, col 5 to line 110, col 9 of module Beefy>: 19
@!@!@ENDMSG 2779 @!@!@
@!@!@STARTMSG 2779:0 @!@!@
<bestBEEFY line 80, col 5 to line 80, col 13 of module Beefy>: 40
@!@!@ENDMSG 2779 @!@!@
@!@!@STARTMSG 2779:0 @!@!@
<height line 101, col 5 to line 101, col 10 of module Beefy>: 3
@!@!@ENDMSG 2779 @!@!@
@!@!@STARTMSG 2779:0 @!@!@
<bestGRANDPA line 83, col 5 to line 83, col 15 of module Beefy>: 66
@!@!@ENDMSG 2779 @!@!@
@!@!@STARTMSG 2779:0 @!@!@
<pc line 94, col 5 to line 94, col 6 of module Beefy>: 8
@!@!@ENDMSG 2779 @!@!@
@!@!@STARTMSG 2779:0 @!@!@
<sessionStart line 86, col 5 to line 86, col 16 of module Beefy>: 59
@!@!@ENDMSG 2779 @!@!@
@!@!@STARTMSG 2779:0 @!@!@
<parent line 104, col 5 to line 104, col 10 of module Beefy>: 3
@!@!@ENDMSG 2779 @!@!@
@!@!@STARTMSG 2779:0 @!@!@
<mandatoryBlocks line 90, col 5 to line 90, col 19 of module Beefy>: 27
@!@!@ENDMSG 2779 @!@!@
@!@!@STARTMSG 2779:0 @!@!@
<votes line 98, col 5 to line 98, col 9 of module Beefy>: 758
@!@!@ENDMSG 2779 @!@!@
@!@!@STARTMSG 2779:0 @!@!@
<round line 77, col 5 to line 77, col 9 of module Beefy>: 63
@!@!@ENDMSG 2779 @!@!@
@!@!@STARTMSG 2779:0 @!@!@
<status line 107, col 5 to line 107, col 10 of module Beefy>: 3
@!@!@ENDMSG 2779 @!@!@
@!@!@STARTMSG 2773:0 @!@!@
<Init line 154, col 1 to line 154, col 4 of module Beefy>: 2:2
@!@!@ENDMSG 2773 @!@!@
@!@!@STARTMSG 2775:0 @!@!@
  line 156, col 16 to line 156, col 36 of module Beefy: 2:6
@!@!@ENDMSG 2775 @!@!@
@!@!@STARTMSG 2775:0 @!@!@
  |line 156, col 34 to line 156, col 35 of module Beefy: 6:83682
@!@!@ENDMSG 2775 @!@!@
@!@!@STARTMSG 2221:0 @!@!@
  |line 156, col 23 to line 156, col 28 of module Beefy: 2
@!@!@ENDMSG 2221 @!@!@
@!@!@STARTMSG 2775:0 @!@!@
  ||line 14, col 14 to line 14, col 25 of module MC_Beefy: 2:8
@!@!@ENDMSG 2775 @!@!@
@!@!@STARTMSG 2221:0 @!@!@
  |||line 14, col 15 to line 14, col 16 of module MC_Beefy: 2
@!@!@ENDMSG 2221 @!@!@
@!@!@STARTMSG 2221:0 @!@!@
  |||line 14, col 19 to line 14, col 20 of module MC_Beefy: 2
@!@!@ENDMSG 2221 @!@!@
@!@!@STARTMSG 2221:0 @!@!@
  |||line 14, col 23 to line 14, col 24 of module MC_Beefy: 2
@!@!@ENDMSG 2221 @!@!@
@!@!@STARTMSG 2775:0 @!@!@
  line 157, col 20 to line 157, col 41 of module Beefy: 2:6
@!@!@ENDMSG 2775 @!@!@
@!@!@STARTMSG 2221:0 @!@!@
  |line 157, col 38 to line 157, col 40 of module Beefy: 6
@!@!@ENDMSG 2221 @!@!@
@!@!@STARTMSG 2221:0 @!@!@
  |line 157, col 27 to line 157, col 32 of module Beefy: 2
@!@!@ENDMSG 2221 @!@!@
@!@!@STARTMSG 2775:0 @!@!@
  ||line 14, col 14 to line 14, col 25 of module MC_Beefy: 2:8
@!@!@ENDMSG 2775 @!@!@
@!@!@STARTMSG 2221:0 @!@!@
  |||line 14, col 15 to line 14, col 16 of module MC_Beefy: 2
@!@!@ENDMSG 2221 @!@!@
@!@!@STARTMSG 2221:0 @!@!@
  |||line 14, col 19 to line 14, col 20 of module MC_Beefy: 2
@!@!@ENDMSG 2221 @!@!@
@!@!@STARTMSG 2221:0 @!@!@
  |||line 14, col 23 to line 14, col 24 of module MC_Beefy: 2
@!@!@ENDMSG 2221 @!@!@
@!@!@STARTMSG 2775:0 @!@!@
  line 158, col 22 to line 158, col 43 of module Beefy: 2:6
@!@!@ENDMSG 2775 @!@!@
@!@!@STARTMSG 2221:0 @!@!@
  |line 158, col 40 to line 158, col 42 of module Beefy: 6
@!@!@ENDMSG 2221 @!@!@
@!@!@STARTMSG 2221:0 @!@!@
  |line 158, col 29 to line 158, col 34 of module Beefy: 2
@!@!@ENDMSG 2221 @!@!@
@!@!@STARTMSG 2775:0 @!@!@
  ||line 14, col 14 to line 14, col 25 of module MC_Beefy: 2:8
@!@!@ENDMSG 2775 @!@!@
@!@!@STARTMSG 2221:0 @!@!@
  |||line 14, col 15 to line 14, col 16 of module MC_Beefy: 2
@!@!@ENDMSG 2221 @!@!@
@!@!@STARTMSG 2221:0 @!@!@
  |||line 14, col 19 to line 14, col 20 of module MC_Beefy: 2
@!@!@ENDMSG 2221 @!@!@
@!@!@STARTMSG 2221:0 @!@!@
  |||line 14, col 23 to line 14, col 24 of module MC_Beefy: 2
@!@!@ENDMSG 2221 @!@!@
@!@!@STARTMSG 2775:0 @!@!@
  line 159, col 23 to line 159, col 44 of module Beefy: 2:6
@!@!@ENDMSG 2775 @!@!@
@!@!@STARTMSG 2221:0 @!@!@
  |line 159, col 41 to line 159, col 43 of module Beefy: 6
@!@!@ENDMSG 2221 @!@!@
@!@!@STARTMSG 2221:0 @!@!@
  |line 159, col 30 to line 159, col 35 of module Beefy: 2
@!@!@ENDMSG 2221 @!@!@
@!@!@STARTMSG 2775:0 @!@!@
  ||line 14, col 14 to line 14, col 25 of module MC_Beefy: 2:8
@!@!@ENDMSG 2775 @!@!@
@!@!@STARTMSG 2221:0 @!@!@
  |||line 14, col 15 to line 14, col 16 of module MC_Beefy: 2
@!@!@ENDMSG 2221 @!@!@
@!@!@STARTMSG 2221:0 @!@!@
  |||line 14, col 19 to line 14, col 20 of module MC_Beefy: 2
@!@!@ENDMSG 2221 @!@!@
@!@!@STARTMSG 2221:0 @!@!@
  |||line 14, col 23 to line 14, col 24 of module MC_Beefy: 2
@!@!@ENDMSG 2221 @!@!@
@!@!@STARTMSG 2775:0 @!@!@
  line 160, col 26 to line 160, col 49 of module Beefy: 2:6
@!@!@ENDMSG 2775 @!@!@
@!@!@STARTMSG 2775:0 @!@!@
  |line 160, col 44 to line 160, col 48 of module Beefy: 6:122688
@!@!@ENDMSG 2775 @!@!@
@!@!@STARTMSG 2221:0 @!@!@
  ||line 160, col 45 to line 160, col 47 of module Beefy: 6
@!@!@ENDMSG 2221 @!@!@
@!@!@STARTMSG 2221:0 @!@!@
  |line 160, col 33 to line 160, col 38 of module Beefy: 2
@!@!@ENDMSG 2221 @!@!@
@!@!@STARTMSG 2775:0 @!@!@
  ||line 14, col 14 to line 14, col 25 of module MC_Beefy: 2:8
@!@!@ENDMSG 2775 @!@!@
@!@!@STARTMSG 2221:0 @!@!@
  |||line 14, col 15 to line 14, col 16 of module MC_Beefy: 2
@!@!@ENDMSG 2221 @!@!@
@!@!@STARTMSG 2221:0 @!@!@
  |||line 14, col 19 to line 14, col 20 of module MC_Beefy: 2
@!@!@ENDMSG 2221 @!@!@
@!@!@STARTMSG 2221:0 @!@!@
  |||line 14, col 23 to line 14, col 24 of module MC_Beefy: 2
@!@!@ENDMSG 2221 @!@!@
@!@!@STARTMSG 2775:0 @!@!@
  line 161, col 13 to line 161, col 40 of module Beefy: 2:6
@!@!@ENDMSG 2775 @!@!@
@!@!@STARTMSG 2221:0 @!@!@
  |line 161, col 20 to line 161, col 25 of module Beefy: 2
@!@!@ENDMSG 2221 @!@!@
@!@!@STARTMSG 2775:0 @!@!@
  ||line 14, col 14 to line 14, col 25 of module MC_Beefy: 2:8
@!@!@ENDMSG 2775 @!@!@
@!@!@STARTMSG 2221:0 @!@!@
  |||line 14, col 15 to line 14, col 16 of module MC_Beefy: 2
@!@!@ENDMSG 2221 @!@!@
@!@!@STARTMSG 2221:0 @!@!@
  |||line 14, col 19 to line 14, col 20 of module MC_Beefy: 2
@!@!@ENDMSG 2221 @!@!@
@!@!@STARTMSG 2221:0 @!@!@
  |||line 14, col 23 to line 14, col 24 of module MC_Beefy: 2
@!@!@ENDMSG 2221 @!@!@
@!@!@STARTMSG 2221:0 @!@!@
  line 163, col 17 to line 163, col 57 of module Beefy: 2
@!@!@ENDMSG 2221 @!@!@
@!@!@STARTMSG 2775:0 @!@!@
  |line 163, col 18 to line 163, col 38 of module Beefy: 2:8
@!@!@ENDMSG 2775 @!@!@
@!@!@STARTMSG 2221:0 @!@!@
  ||line 163, col 36 to line 163, col 37 of module Beefy: 8
@!@!@ENDMSG 2221 @!@!@
@!@!@STARTMSG 2221:0 @!@!@
  ||line 163, col 25 to line 163, col 30 of module Beefy: 2
@!@!@ENDMSG 2221 @!@!@
@!@!@STARTMSG 2775:0 @!@!@
  |||line 20, col 14 to line 20, col 29 of module MC_Beefy: 2:10
@!@!@ENDMSG 2775 @!@!@
@!@!@STARTMSG 2221:0 @!@!@
  ||||line 20, col 15 to line 20, col 16 of module MC_Beefy: 2
@!@!@ENDMSG 2221 @!@!@
@!@!@STARTMSG 2221:0 @!@!@
  ||||line 20, col 19 to line 20, col 20 of module MC_Beefy: 2
@!@!@ENDMSG 2221 @!@!@
@!@!@STARTMSG 2221:0 @!@!@
  ||||line 20, col 23 to line 20, col 24 of module MC_Beefy: 2
@!@!@ENDMSG 2221 @!@!@
@!@!@STARTMSG 2221:0 @!@!@
  ||||line 20, col 27 to line 20, col 28 of module MC_Beefy: 2
@!@!@ENDMSG 2221 @!@!@
@!@!@STARTMSG 2221:0 @!@!@
  |line 163, col 47 to line 163, col 56 of module Beefy: 2
@!@!@ENDMSG 2221 @!@!@
@!@!@STARTMSG 2221:0 @!@!@
  line 164, col 17 to line 164, col 71 of module Beefy: 2
@!@!@ENDMSG 2221 @!@!@
@!@!@STARTMSG 2775:0 @!@!@
  |line 164, col 18 to line 164, col 42 of module Beefy: 2:8
@!@!@ENDMSG 2775 @!@!@
@!@!@STARTMSG 2221:0 @!@!@
  ||line 164, col 25 to line 164, col 30 of module Beefy: 2
@!@!@ENDMSG 2221 @!@!@
@!@!@STARTMSG 2775:0 @!@!@
  |||line 20, col 14 to line 20, col 29 of module MC_Beefy: 2:10
@!@!@ENDMSG 2775 @!@!@
@!@!@STARTMSG 2221:0 @!@!@
  ||||line 20, col 15 to line 20, col 16 of module MC_Beefy: 2
@!@!@ENDMSG 2221 @!@!@
@!@!@STARTMSG 2221:0 @!@!@
  ||||line 20, col 19 to line 20, col 20 of module MC_Beefy: 2
@!@!@ENDMSG 2221 @!@!@
@!@!@STARTMSG 2221:0 @!@!@
  ||||line 20, col 23 to line 20, col 24 of module MC_Beefy: 2
@!@!@ENDMSG 2221 @!@!@
@!@!@STARTMSG 2221:0 @!@!@
  ||||line 20, col 27 to line 20, col 28 of module MC_Beefy: 2
@!@!@ENDMSG 2221 @!@!@
@!@!@STARTMSG 2221:0 @!@!@
  |line 164, col 51 to line 164, col 70 of module Beefy: 2
@!@!@ENDMSG 2221 @!@!@
@!@!@STARTMSG 2775:0 @!@!@
  line 165, col 17 to line 165, col 36 of module Beefy: 2:8
@!@!@ENDMSG 2775 @!@!@
@!@!@STARTMSG 2221:0 @!@!@
  |line 165, col 35 to line 165, col 35 of module Beefy: 8
@!@!@ENDMSG 2221 @!@!@
@!@!@STARTMSG 2221:0 @!@!@
  |line 165, col 24 to line 165, col 29 of module Beefy: 2
@!@!@ENDMSG 2221 @!@!@
@!@!@STARTMSG 2775:0 @!@!@
  ||line 20, col 14 to line 20, col 29 of module MC_Beefy: 2:10
@!@!@ENDMSG 2775 @!@!@
@!@!@STARTMSG 2221:0 @!@!@
  |||line 20, col 15 to line 20, col 16 of module MC_Beefy: 2
@!@!@ENDMSG 2221 @!@!@
@!@!@STARTMSG 2221:0 @!@!@
  |||line 20, col 19 to line 20, col 20 of module MC_Beefy: 2
@!@!@ENDMSG 2221 @!@!@
@!@!@STARTMSG 2221:0 @!@!@
  |||line 20, col 23 to line 20, col 24 of module MC_Beefy: 2
@!@!@ENDMSG 2221 @!@!@
@!@!@STARTMSG 2221:0 @!@!@
  |||line 20, col 27 to line 20, col 28 of module MC_Beefy: 2
@!@!@ENDMSG 2221 @!@!@
@!@!@STARTMSG 2221:0 @!@!@
  line 166, col 16 to line 166, col 56 of module Beefy: 2
@!@!@ENDMSG 2221 @!@!@
@!@!@STARTMSG 2775:0 @!@!@
  |line 166, col 17 to line 166, col 37 of module Beefy: 2:8
@!@!@ENDMSG 2775 @!@!@
@!@!@STARTMSG 2221:0 @!@!@
  ||line 166, col 35 to line 166, col 36 of module Beefy: 8
@!@!@ENDMSG 2221 @!@!@
@!@!@STARTMSG 2221:0 @!@!@
  ||line 166, col 24 to line 166, col 29 of module Beefy: 2
@!@!@ENDMSG 2221 @!@!@
@!@!@STARTMSG 2775:0 @!@!@
  |||line 20, col 14 to line 20, col 29 of module MC_Beefy: 2:10
@!@!@ENDMSG 2775 @!@!@
@!@!@STARTMSG 2221:0 @!@!@
  ||||line 20, col 15 to line 20, col 16 of module MC_Beefy: 2
@!@!@ENDMSG 2221 @!@!@
@!@!@STARTMSG 2221:0 @!@!@
  ||||line 20, col 19 to line 20, col 20 of module MC_Beefy: 2
@!@!@ENDMSG 2221 @!@!@
@!@!@STARTMSG 2221:0 @!@!@
  ||||line 20, col 23 to line 20, col 24 of module MC_Beefy: 2
@!@!@ENDMSG 2221 @!@!@
@!@!@STARTMSG 2221:0 @!@!@
  ||||line 20, col 27 to line 20, col 28 of module MC_Beefy: 2
@!@!@ENDMSG 2221 @!@!@
@!@!@STARTMSG 2221:0 @!@!@
  |line 166, col 46 to line 166, col 55 of module Beefy: 2
@!@!@ENDMSG 2221 @!@!@
@!@!@STARTMSG 2221:0 @!@!@
  line 167, col 8 to line 167, col 60 of module Beefy: 2
@!@!@ENDMSG 2221 @!@!@
@!@!@STARTMSG 2221:0 @!@!@
  |line 167, col 16 to line 167, col 60 of module Beefy: 2
@!@!@ENDMSG 2221 @!@!@
@!@!@STARTMSG 2775:0 @!@!@
  ||line 167, col 17 to line 167, col 37 of module Beefy: 2:8
@!@!@ENDMSG 2775 @!@!@
@!@!@STARTMSG 2775:0 @!@!@
  |||line 167, col 35 to line 167, col 36 of module Beefy: 8:29670
@!@!@ENDMSG 2775 @!@!@
@!@!@STARTMSG 2221:0 @!@!@
  |||line 167, col 24 to line 167, col 29 of module Beefy: 2
@!@!@ENDMSG 2221 @!@!@
@!@!@STARTMSG 2775:0 @!@!@
  ||||line 20, col 14 to line 20, col 29 of module MC_Beefy: 2:10
@!@!@ENDMSG 2775 @!@!@
@!@!@STARTMSG 2221:0 @!@!@
  |||||line 20, col 15 to line 20, col 16 of module MC_Beefy: 2
@!@!@ENDMSG 2221 @!@!@
@!@!@STARTMSG 2221:0 @!@!@
  |||||line 20, col 19 to line 20, col 20 of module MC_Beefy: 2
@!@!@ENDMSG 2221 @!@!@
@!@!@STARTMSG 2221:0 @!@!@
  |||||line 20, col 23 to line 20, col 24 of module MC_Beefy: 2
@!@!@ENDMSG 2221 @!@!@
@!@!@STARTMSG 2221:0 @!@!@
  |||||line 20, col 27 to line 20, col 28 of module MC_Beefy: 2
@!@!@ENDMSG 2221 @!@!@
@!@!@STARTMSG 2221:0 @!@!@
  ||line 167, col 46 to line 167, col 59 of module Beefy: 2
@!@!@ENDMSG 2221 @!@!@
@!@!@STARTMSG 2772:0 @!@!@
<MC_Propose line 42, col 1 to line 42, col 13 of module MC_Beefy (57 5 62 44)>: 19:22305
@!@!@ENDMSG 2772 @!@!@
@!@!@STARTMSG 2221:0 @!@!@
  line 57, col 8 to line 57, col 14 of module MC_Beefy: 575485
@!@!@ENDMSG 2221 @!@!@
@!@!@STARTMSG 2221:0 @!@!@
  |line 57, col 8 to line 57, col 8 of module MC_Beefy: 553180
@!@!@ENDMSG 2221 @!@!@
@!@!@STARTMSG 2221:0 @!@!@
  ||line 46, col 14 to line 46, col 42 of module MC_Beefy: 553180
@!@!@ENDMSG 2221 @!@!@
@!@!@STARTMSG 2221:0 @!@!@
  |||line 46, col 30 to line 46, col 41 of module MC_Beefy: 2212720
@!@!@ENDMSG 2221 @!@!@
@!@!@STARTMSG 2221:0 @!@!@
  ||||line 46, col 31 to line 46, col 41 of module MC_Beefy: 2212720
@!@!@ENDMSG 2221 @!@!@
@!@!@STARTMSG 2221:0 @!@!@
  |||||line 178, col 5 to line 180, col 20 of module Beefy: 2212720
@!@!@ENDMSG 2221 @!@!@
@!@!@STARTMSG 2221:0 @!@!@
  ||||||line 178, col 8 to line 178, col 19 of module Beefy: 2212720
@!@!@ENDMSG 2221 @!@!@
@!@!@STARTMSG 2221:0 @!@!@
  ||||||line 179, col 8 to line 179, col 21 of module Beefy: 2212720
@!@!@ENDMSG 2221 @!@!@
@!@!@STARTMSG 2221:0 @!@!@
  ||||||line 180, col 8 to line 180, col 20 of module Beefy: 2158173
@!@!@ENDMSG 2221 @!@!@
@!@!@STARTMSG 2221:0 @!@!@
  |||||line 46, col 40 to line 46, col 40 of module MC_Beefy: 2212720
@!@!@ENDMSG 2221 @!@!@
@!@!@STARTMSG 2221:0 @!@!@
  |||line 46, col 21 to line 46, col 26 of module MC_Beefy: 553180
@!@!@ENDMSG 2221 @!@!@
@!@!@STARTMSG 2775:0 @!@!@
  ||||line 20, col 14 to line 20, col 29 of module MC_Beefy: 553180:2765900
@!@!@ENDMSG 2775 @!@!@
@!@!@STARTMSG 2221:0 @!@!@
  |||||line 20, col 15 to line 20, col 16 of module MC_Beefy: 553180
@!@!@ENDMSG 2221 @!@!@
@!@!@STARTMSG 2221:0 @!@!@
  |||||line 20, col 19 to line 20, col 20 of module MC_Beefy: 553180
@!@!@ENDMSG 2221 @!@!@
@!@!@STARTMSG 2221:0 @!@!@
  |||||line 20, col 23 to line 20, col 24 of module MC_Beefy: 553180
@!@!@ENDMSG 2221 @!@!@
@!@!@STARTMSG 2221:0 @!@!@
  |||||line 20, col 27 to line 20, col 28 of module MC_Beefy: 553180
@!@!@ENDMSG 2221 @!@!@
@!@!@STARTMSG 2221:0 @!@!@
  |line 57, col 13 to line 57, col 14 of module MC_Beefy: 553180
@!@!@ENDMSG 2221 @!@!@
@!@!@STARTMSG 2221:0 @!@!@
  line 58, col 8 to line 58, col 19 of module MC_Beefy: 74977
@!@!@ENDMSG 2221 @!@!@
@!@!@STARTMSG 2221:0 @!@!@
  |line 58, col 9 to line 58, col 19 of module MC_Beefy: 52672
@!@!@ENDMSG 2221 @!@!@
@!@!@STARTMSG 2221:0 @!@!@
  ||line 178, col 5 to line 180, col 20 of module Beefy: 52672
@!@!@ENDMSG 2221 @!@!@
@!@!@STARTMSG 2221:0 @!@!@
  ||line 58, col 18 to line 58, col 18 of module MC_Beefy: 52672
@!@!@ENDMSG 2221 @!@!@
@!@!@STARTMSG 2221:0 @!@!@
  |||line 52, col 14 to line 52, col 36 of module MC_Beefy: 52672
@!@!@ENDMSG 2221 @!@!@
@!@!@STARTMSG 2221:0 @!@!@
  ||||line 52, col 33 to line 52, col 36 of module MC_Beefy: 52672
@!@!@ENDMSG 2221 @!@!@
@!@!@STARTMSG 2221:0 @!@!@
  ||||line 52, col 29 to line 52, col 29 of module MC_Beefy: 52672
@!@!@ENDMSG 2221 @!@!@
@!@!@STARTMSG 2775:0 @!@!@
  |||||line 46, col 14 to line 46, col 42 of module MC_Beefy: 52672:52672
@!@!@ENDMSG 2775 @!@!@
@!@!@STARTMSG 2221:0 @!@!@
  ||||||line 46, col 30 to line 46, col 41 of module MC_Beefy: 210688
@!@!@ENDMSG 2221 @!@!@
@!@!@STARTMSG 2221:0 @!@!@
  |||||||line 46, col 31 to line 46, col 41 of module MC_Beefy: 210688
@!@!@ENDMSG 2221 @!@!@
@!@!@STARTMSG 2221:0 @!@!@
  ||||||||line 178, col 5 to line 180, col 20 of module Beefy: 210688
@!@!@ENDMSG 2221 @!@!@
@!@!@STARTMSG 2221:0 @!@!@
  |||||||||line 178, col 8 to line 178, col 19 of module Beefy: 210688
@!@!@ENDMSG 2221 @!@!@
@!@!@STARTMSG 2221:0 @!@!@
  |||||||||line 179, col 8 to line 179, col 21 of module Beefy: 210688
@!@!@ENDMSG 2221 @!@!@
@!@!@STARTMSG 2221:0 @!@!@
  |||||||||line 180, col 8 to line 180, col 20 of module Beefy: 156141
@!@!@ENDMSG 2221 @!@!@
@!@!@STARTMSG 2221:0 @!@!@
  ||||||||line 46, col 40 to line 46, col 40 of module MC_Beefy: 210688
@!@!@ENDMSG 2221 @!@!@
@!@!@STARTMSG 2221:0 @!@!@
  ||||||line 46, col 21 to line 46, col 26 of module MC_Beefy: 52672
@!@!@ENDMSG 2221 @!@!@
@!@!@STARTMSG 2775:0 @!@!@
  |||||||line 20, col 14 to line 20, col 29 of module MC_Beefy: 52672:263360
@!@!@ENDMSG 2775 @!@!@
@!@!@STARTMSG 2221:0 @!@!@
  ||||||||line 20, col 15 to line 20, col 16 of module MC_Beefy: 52672
@!@!@ENDMSG 2221 @!@!@
@!@!@STARTMSG 2221:0 @!@!@
  ||||||||line 20, col 19 to line 20, col 20 of module MC_Beefy: 52672
@!@!@ENDMSG 2221 @!@!@
@!@!@STARTMSG 2221:0 @!@!@
  ||||||||line 20, col 23 to line 20, col 24 of module MC_Beefy: 52672
@!@!@ENDMSG 2221 @!@!@
@!@!@STARTMSG 2221:0 @!@!@
  ||||||||line 20, col 27 to line 20, col 28 of module MC_Beefy: 52672
@!@!@ENDMSG 2221 @!@!@
@!@!@STARTMSG 2221:0 @!@!@
  line 178, col 8 to line 178, col 19 of module Beefy: 74977
@!@!@ENDMSG 2221 @!@!@
@!@!@STARTMSG 2221:0 @!@!@
  |line 178, col 8 to line 178, col 8 of module Beefy: 52672
@!@!@ENDMSG 2221 @!@!@
@!@!@STARTMSG 2221:0 @!@!@
  |line 178, col 14 to line 178, col 19 of module Beefy: 52672
@!@!@ENDMSG 2221 @!@!@
@!@!@STARTMSG 2221:0 @!@!@
  line 179, col 8 to line 179, col 21 of module Beefy: 22305
@!@!@ENDMSG 2221 @!@!@
@!@!@STARTMSG 2221:0 @!@!@
  |line 179, col 8 to line 179, col 16 of module Beefy: 52672
@!@!@ENDMSG 2221 @!@!@
@!@!@STARTMSG 2221:0 @!@!@
  |line 179, col 20 to line 179, col 21 of module Beefy: 52672
@!@!@ENDMSG 2221 @!@!@
@!@!@STARTMSG 2221:0 @!@!@
  line 180, col 8 to line 180, col 20 of module Beefy: 22305
@!@!@ENDMSG 2221 @!@!@
@!@!@STARTMSG 2221:0 @!@!@
  |line 180, col 8 to line 180, col 15 of module Beefy: 52672
@!@!@ENDMSG 2221 @!@!@
@!@!@STARTMSG 2221:0 @!@!@
  |line 180, col 19 to line 180, col 20 of module Beefy: 52672
@!@!@ENDMSG 2221 @!@!@
@!@!@STARTMSG 2221:0 @!@!@
  line 192, col 17 to line 192, col 17 of module Beefy: 52672
@!@!@ENDMSG 2221 @!@!@
@!@!@STARTMSG 2221:0 @!@!@
  line 193, col 8 to line 193, col 24 of module Beefy: 74977
@!@!@ENDMSG 2221 @!@!@
@!@!@STARTMSG 2221:0 @!@!@
  |line 193, col 8 to line 193, col 8 of module Beefy: 52672
@!@!@ENDMSG 2221 @!@!@
@!@!@STARTMSG 2221:0 @!@!@
  |line 193, col 12 to line 193, col 24 of module Beefy: 52672
@!@!@ENDMSG 2221 @!@!@
@!@!@STARTMSG 2221:0 @!@!@
  line 194, col 8 to line 194, col 20 of module Beefy: 22305
@!@!@ENDMSG 2221 @!@!@
@!@!@STARTMSG 2221:0 @!@!@
  |line 194, col 8 to line 194, col 15 of module Beefy: 52672
@!@!@ENDMSG 2221 @!@!@
@!@!@STARTMSG 2221:0 @!@!@
  |line 194, col 20 to line 194, col 20 of module Beefy: 52672
@!@!@ENDMSG 2221 @!@!@
@!@!@STARTMSG 2221:0 @!@!@
  line 59, col 20 to line 59, col 20 of module MC_Beefy: 52672
@!@!@ENDMSG 2221 @!@!@
@!@!@STARTMSG 2221:0 @!@!@
  |line 49, col 14 to line 49, col 83 of module MC_Beefy: 52672
@!@!@ENDMSG 2221 @!@!@
@!@!@STARTMSG 2221:0 @!@!@
  ||line 49, col 42 to line 49, col 83 of module MC_Beefy: 156141
@!@!@ENDMSG 2221 @!@!@
@!@!@STARTMSG 2221:0 @!@!@
  |||line 49, col 60 to line 49, col 83 of module MC_Beefy: 468429
@!@!@ENDMSG 2221 @!@!@
@!@!@STARTMSG 2221:0 @!@!@
  |||line 49, col 51 to line 49, col 56 of module MC_Beefy: 156141
@!@!@ENDMSG 2221 @!@!@
@!@!@STARTMSG 2775:0 @!@!@
  ||||line 20, col 14 to line 20, col 29 of module MC_Beefy: 156141:624570
@!@!@ENDMSG 2775 @!@!@
@!@!@STARTMSG 2221:0 @!@!@
  |||||line 20, col 15 to line 20, col 16 of module MC_Beefy: 156141
@!@!@ENDMSG 2221 @!@!@
@!@!@STARTMSG 2221:0 @!@!@
  |||||line 20, col 19 to line 20, col 20 of module MC_Beefy: 156141
@!@!@ENDMSG 2221 @!@!@
@!@!@STARTMSG 2221:0 @!@!@
  |||||line 20, col 23 to line 20, col 24 of module MC_Beefy: 156141
@!@!@ENDMSG 2221 @!@!@
@!@!@STARTMSG 2221:0 @!@!@
  |||||line 20, col 27 to line 20, col 28 of module MC_Beefy: 156141
@!@!@ENDMSG 2221 @!@!@
@!@!@STARTMSG 2221:0 @!@!@
  ||line 49, col 29 to line 49, col 38 of module MC_Beefy: 52672
@!@!@ENDMSG 2221 @!@!@
@!@!@STARTMSG 2221:0 @!@!@
  |||line 49, col 29 to line 49, col 34 of module MC_Beefy: 52672
@!@!@ENDMSG 2221 @!@!@
@!@!@STARTMSG 2775:0 @!@!@
  ||||line 20, col 14 to line 20, col 29 of module MC_Beefy: 52672:156141
@!@!@ENDMSG 2775 @!@!@
@!@!@STARTMSG 2221:0 @!@!@
  |||||line 20, col 15 to line 20, col 16 of module MC_Beefy: 52672
@!@!@ENDMSG 2221 @!@!@
@!@!@STARTMSG 2221:0 @!@!@
  |||||line 20, col 19 to line 20, col 20 of module MC_Beefy: 52672
@!@!@ENDMSG 2221 @!@!@
@!@!@STARTMSG 2221:0 @!@!@
  |||||line 20, col 23 to line 20, col 24 of module MC_Beefy: 52672
@!@!@ENDMSG 2221 @!@!@
@!@!@STARTMSG 2221:0 @!@!@
  |||||line 20, col 27 to line 20, col 28 of module MC_Beefy: 52672
@!@!@ENDMSG 2221 @!@!@
@!@!@STARTMSG 2221:0 @!@!@
  |||line 49, col 38 to line 49, col 38 of module MC_Beefy: 52672
@!@!@ENDMSG 2221 @!@!@
@!@!@STARTMSG 2221:0 @!@!@
  ||||line 46, col 14 to line 46, col 42 of module MC_Beefy: 52672
@!@!@ENDMSG 2221 @!@!@
@!@!@STARTMSG 2221:0 @!@!@
  |||||line 46, col 30 to line 46, col 41 of module MC_Beefy: 210688
@!@!@ENDMSG 2221 @!@!@
@!@!@STARTMSG 2221:0 @!@!@
  ||||||line 46, col 31 to line 46, col 41 of module MC_Beefy: 210688
@!@!@ENDMSG 2221 @!@!@
@!@!@STARTMSG 2221:0 @!@!@
  |||||||line 178, col 5 to line 180, col 20 of module Beefy: 210688
@!@!@ENDMSG 2221 @!@!@
@!@!@STARTMSG 2221:0 @!@!@
  ||||||||line 178, col 8 to line 178, col 19 of module Beefy: 210688
@!@!@ENDMSG 2221 @!@!@
@!@!@STARTMSG 2221:0 @!@!@
  ||||||||line 179, col 8 to line 179, col 21 of module Beefy: 210688
@!@!@ENDMSG 2221 @!@!@
@!@!@STARTMSG 2221:0 @!@!@
  ||||||||line 180, col 8 to line 180, col 20 of module Beefy: 156141
@!@!@ENDMSG 2221 @!@!@
@!@!@STARTMSG 2221:0 @!@!@
  |||||||line 46, col 40 to line 46, col 40 of module MC_Beefy: 210688
@!@!@ENDMSG 2221 @!@!@
@!@!@STARTMSG 2221:0 @!@!@
  |||||line 46, col 21 to line 46, col 26 of module MC_Beefy: 52672
@!@!@ENDMSG 2221 @!@!@
@!@!@STARTMSG 2775:0 @!@!@
  ||||||line 20, col 14 to line 20, col 29 of module MC_Beefy: 52672:263360
@!@!@ENDMSG 2775 @!@!@
@!@!@STARTMSG 2221:0 @!@!@
  |||||||line 20, col 15 to line 20, col 16 of module MC_Beefy: 52672
@!@!@ENDMSG 2221 @!@!@
@!@!@STARTMSG 2221:0 @!@!@
  |||||||line 20, col 19 to line 20, col 20 of module MC_Beefy: 52672
@!@!@ENDMSG 2221 @!@!@
@!@!@STARTMSG 2221:0 @!@!@
  |||||||line 20, col 23 to line 20, col 24 of module MC_Beefy: 52672
@!@!@ENDMSG 2221 @!@!@
@!@!@STARTMSG 2221:0 @!@!@
  |||||||line 20, col 27 to line 20, col 28 of module MC_Beefy: 52672
@!@!@ENDMSG 2221 @!@!@
@!@!@STARTMSG 2221:0 @!@!@
  line 59, col 23 to line 59, col 23 of module MC_Beefy: 52672
@!@!@ENDMSG 2221 @!@!@
@!@!@STARTMSG 2221:0 @!@!@
  |line 55, col 14 to line 55, col 26 of module MC_Beefy: 52672
@!@!@ENDMSG 2221 @!@!@
@!@!@STARTMSG 2221:0 @!@!@
  ||line 55, col 14 to line 55, col 22 of module MC_Beefy: 52672
@!@!@ENDMSG 2221 @!@!@
@!@!@STARTMSG 2221:0 @!@!@
  |||line 55, col 14 to line 55, col 19 of module MC_Beefy: 52672
@!@!@ENDMSG 2221 @!@!@
@!@!@STARTMSG 2221:0 @!@!@
  |||line 55, col 21 to line 55, col 21 of module MC_Beefy: 52672
@!@!@ENDMSG 2221 @!@!@
@!@!@STARTMSG 2221:0 @!@!@
  ||||line 49, col 14 to line 49, col 83 of module MC_Beefy: 52672
@!@!@ENDMSG 2221 @!@!@
@!@!@STARTMSG 2221:0 @!@!@
  |||||line 49, col 42 to line 49, col 83 of module MC_Beefy: 156141
@!@!@ENDMSG 2221 @!@!@
@!@!@STARTMSG 2221:0 @!@!@
  ||||||line 49, col 60 to line 49, col 83 of module MC_Beefy: 468429
@!@!@ENDMSG 2221 @!@!@
@!@!@STARTMSG 2221:0 @!@!@
  ||||||line 49, col 51 to line 49, col 56 of module MC_Beefy: 156141
@!@!@ENDMSG 2221 @!@!@
@!@!@STARTMSG 2775:0 @!@!@
  |||||||line 20, col 14 to line 20, col 29 of module MC_Beefy: 156141:624570
@!@!@ENDMSG 2775 @!@!@
@!@!@STARTMSG 2221:0 @!@!@
  ||||||||line 20, col 15 to line 20, col 16 of module MC_Beefy: 156141
@!@!@ENDMSG 2221 @!@!@
@!@!@STARTMSG 2221:0 @!@!@
  ||||||||line 20, col 19 to line 20, col 20 of module MC_Beefy: 156141
@!@!@ENDMSG 2221 @!@!@
@!@!@STARTMSG 2221:0 @!@!@
  ||||||||line 20, col 23 to line 20, col 24 of module MC_Beefy: 156141
@!@!@ENDMSG 2221 @!@!@
@!@!@STARTMSG 2221:0 @!@!@
  ||||||||line 20, col 27 to line 20, col 28 of module MC_Beefy: 156141
@!@!@ENDMSG 2221 @!@!@
@!@!@STARTMSG 2221:0 @!@!@
  |||||line 49, col 29 to line 49, col 38 of module MC_Beefy: 52672
@!@!@ENDMSG 2221 @!@!@
@!@!@STARTMSG 2221:0 @!@!@
  ||||||line 49, col 29 to line 49, col 34 of module MC_Beefy: 52672
@!@!@ENDMSG 2221 @!@!@
@!@!@STARTMSG 2775:0 @!@!@
  |||||||line 20, col 14 to line 20, col 29 of module MC_Beefy: 52672:156141
@!@!@ENDMSG 2775 @!@!@
@!@!@STARTMSG 2221:0 @!@!@
  ||||||||line 20, col 15 to line 20, col 16 of module MC_Beefy: 52672
@!@!@ENDMSG 2221 @!@!@
@!@!@STARTMSG 2221:0 @!@!@
  ||||||||line 20, col 19 to line 20, col 20 of module MC_Beefy: 52672
@!@!@ENDMSG 2221 @!@!@
@!@!@STARTMSG 2221:0 @!@!@
  ||||||||line 20, col 23 to line 20, col 24 of module MC_Beefy: 52672
@!@!@ENDMSG 2221 @!@!@
@!@!@STARTMSG 2221:0 @!@!@
  ||||||||line 20, col 27 to line 20, col 28 of module MC_Beefy: 52672
@!@!@ENDMSG 2221 @!@!@
@!@!@STARTMSG 2221:0 @!@!@
  ||||||line 49, col 38 to line 49, col 38 of module MC_Beefy: 52672
@!@!@ENDMSG 2221 @!@!@
@!@!@STARTMSG 2221:0 @!@!@
  |||||||line 46, col 14 to line 46, col 42 of module MC_Beefy: 52672
@!@!@ENDMSG 2221 @!@!@
@!@!@STARTMSG 2221:0 @!@!@
  ||||||||line 46, col 30 to line 46, col 41 of module MC_Beefy: 210688
@!@!@ENDMSG 2221 @!@!@
@!@!@STARTMSG 2221:0 @!@!@
  |||||||||line 46, col 31 to line 46, col 41 of module MC_Beefy: 210688
@!@!@ENDMSG 2221 @!@!@
@!@!@STARTMSG 2221:0 @!@!@
  ||||||||||line 178, col 5 to line 180, col 20 of module Beefy: 210688
@!@!@ENDMSG 2221 @!@!@
@!@!@STARTMSG 2221:0 @!@!@
  |||||||||||line 178, col 8 to line 178, col 19 of module Beefy: 210688
@!@!@ENDMSG 2221 @!@!@
@!@!@STARTMSG 2221:0 @!@!@
  |||||||||||line 179, col 8 to line 179, col 21 of module Beefy: 210688
@!@!@ENDMSG 2221 @!@!@
@!@!@STARTMSG 2221:0 @!@!@
  |||||||||||line 180, col 8 to line 180, col 20 of module Beefy: 156141
@!@!@ENDMSG 2221 @!@!@
@!@!@STARTMSG 2221:0 @!@!@
  ||||||||||line 46, col 40 to line 46, col 40 of module MC_Beefy: 210688
@!@!@ENDMSG 2221 @!@!@
@!@!@STARTMSG 2221:0 @!@!@
  ||||||||line 46, col 21 to line 46, col 26 of module MC_Beefy: 52672
@!@!@ENDMSG 2221 @!@!@
@!@!@STARTMSG 2775:0 @!@!@
  |||||||||line 20, col 14 to line 20, col 29 of module MC_Beefy: 52672:263360
@!@!@ENDMSG 2775 @!@!@
@!@!@STARTMSG 2221:0 @!@!@
  ||||||||||line 20, col 15 to line 20, col 16 of module MC_Beefy: 52672
@!@!@ENDMSG 2221 @!@!@
@!@!@STARTMSG 2221:0 @!@!@
  ||||||||||line 20, col 19 to line 20, col 20 of module MC_Beefy: 52672
@!@!@ENDMSG 2221 @!@!@
@!@!@STARTMSG 2221:0 @!@!@
  ||||||||||line 20, col 23 to line 20, col 24 of module MC_Beefy: 52672
@!@!@ENDMSG 2221 @!@!@
@!@!@STARTMSG 2221:0 @!@!@
  ||||||||||line 20, col 27 to line 20, col 28 of module MC_Beefy: 52672
@!@!@ENDMSG 2221 @!@!@
@!@!@STARTMSG 2221:0 @!@!@
  line 59, col 26 to line 59, col 26 of module MC_Beefy: 52672
@!@!@ENDMSG 2221 @!@!@
@!@!@STARTMSG 2221:0 @!@!@
  line 200, col 5 to line 203, col 51 of module Beefy: 22305
@!@!@ENDMSG 2221 @!@!@
@!@!@STARTMSG 2221:0 @!@!@
  line 60, col 16 to line 60, col 16 of module MC_Beefy: 22305
@!@!@ENDMSG 2221 @!@!@
@!@!@STARTMSG 2221:0 @!@!@
  |line 52, col 14 to line 52, col 36 of module MC_Beefy: 22305
@!@!@ENDMSG 2221 @!@!@
@!@!@STARTMSG 2221:0 @!@!@
  ||line 52, col 33 to line 52, col 36 of module MC_Beefy: 22305
@!@!@ENDMSG 2221 @!@!@
@!@!@STARTMSG 2221:0 @!@!@
  ||line 52, col 29 to line 52, col 29 of module MC_Beefy: 22305
@!@!@ENDMSG 2221 @!@!@
@!@!@STARTMSG 2775:0 @!@!@
  |||line 46, col 14 to line 46, col 42 of module MC_Beefy: 22305:22305
@!@!@ENDMSG 2775 @!@!@
@!@!@STARTMSG 2221:0 @!@!@
  ||||line 46, col 30 to line 46, col 41 of module MC_Beefy: 89220
@!@!@ENDMSG 2221 @!@!@
@!@!@STARTMSG 2221:0 @!@!@
  |||||line 46, col 31 to line 46, col 41 of module MC_Beefy: 89220
@!@!@ENDMSG 2221 @!@!@
@!@!@STARTMSG 2221:0 @!@!@
  ||||||line 178, col 5 to line 180, col 20 of module Beefy: 89220
@!@!@ENDMSG 2221 @!@!@
@!@!@STARTMSG 2221:0 @!@!@
  |||||||line 178, col 8 to line 178, col 19 of module Beefy: 89220
@!@!@ENDMSG 2221 @!@!@
@!@!@STARTMSG 2221:0 @!@!@
  |||||||line 179, col 8 to line 179, col 21 of module Beefy: 89220
@!@!@ENDMSG 2221 @!@!@
@!@!@STARTMSG 2221:0 @!@!@
  |||||||line 180, col 8 to line 180, col 20 of module Beefy: 65963
@!@!@ENDMSG 2221 @!@!@
@!@!@STARTMSG 2221:0 @!@!@
  ||||||line 46, col 40 to line 46, col 40 of module MC_Beefy: 89220
@!@!@ENDMSG 2221 @!@!@
@!@!@STARTMSG 2221:0 @!@!@
  ||||line 46, col 21 to line 46, col 26 of module MC_Beefy: 22305
@!@!@ENDMSG 2221 @!@!@
@!@!@STARTMSG 2775:0 @!@!@
  |||||line 20, col 14 to line 20, col 29 of module MC_Beefy: 22305:111525
@!@!@ENDMSG 2775 @!@!@
@!@!@STARTMSG 2221:0 @!@!@
  ||||||line 20, col 15 to line 20, col 16 of module MC_Beefy: 22305
@!@!@ENDMSG 2221 @!@!@
@!@!@STARTMSG 2221:0 @!@!@
  ||||||line 20, col 19 to line 20, col 20 of module MC_Beefy: 22305
@!@!@ENDMSG 2221 @!@!@
@!@!@STARTMSG 2221:0 @!@!@
  ||||||line 20, col 23 to line 20, col 24 of module MC_Beefy: 22305
@!@!@ENDMSG 2221 @!@!@
@!@!@STARTMSG 2221:0 @!@!@
  ||||||line 20, col 27 to line 20, col 28 of module MC_Beefy: 22305
@!@!@ENDMSG 2221 @!@!@
@!@!@STARTMSG 2221:0 @!@!@
  line 60, col 19 to line 60, col 19 of module MC_Beefy: 22305
@!@!@ENDMSG 2221 @!@!@
@!@!@STARTMSG 2221:0 @!@!@
  |line 49, col 14 to line 49, col 83 of module MC_Beefy: 22305
@!@!@ENDMSG 2221 @!@!@
@!@!@STARTMSG 2221:0 @!@!@
  ||line 49, col 42 to line 49, col 83 of module MC_Beefy: 65963
@!@!@ENDMSG 2221 @!@!@
@!@!@STARTMSG 2221:0 @!@!@
  |||line 49, col 60 to line 49, col 83 of module MC_Beefy: 197893
@!@!@ENDMSG 2221 @!@!@
@!@!@STARTMSG 2221:0 @!@!@
  |||line 49, col 51 to line 49, col 56 of module MC_Beefy: 65963
@!@!@ENDMSG 2221 @!@!@
@!@!@STARTMSG 2775:0 @!@!@
  ||||line 20, col 14 to line 20, col 29 of module MC_Beefy: 65963:263856
@!@!@ENDMSG 2775 @!@!@
@!@!@STARTMSG 2221:0 @!@!@
  |||||line 20, col 15 to line 20, col 16 of module MC_Beefy: 65963
@!@!@ENDMSG 2221 @!@!@
@!@!@STARTMSG 2221:0 @!@!@
  |||||line 20, col 19 to line 20, col 20 of module MC_Beefy: 65963
@!@!@ENDMSG 2221 @!@!@
@!@!@STARTMSG 2221:0 @!@!@
  |||||line 20, col 23 to line 20, col 24 of module MC_Beefy: 65963
@!@!@ENDMSG 2221 @!@!@
@!@!@STARTMSG 2221:0 @!@!@
  |||||line 20, col 27 to line 20, col 28 of module MC_Beefy: 65963
@!@!@ENDMSG 2221 @!@!@
@!@!@STARTMSG 2221:0 @!@!@
  ||line 49, col 29 to line 49, col 38 of module MC_Beefy: 22305
@!@!@ENDMSG 2221 @!@!@
@!@!@STARTMSG 2221:0 @!@!@
  |||line 49, col 29 to line 49, col 34 of module MC_Beefy: 22305
@!@!@ENDMSG 2221 @!@!@
@!@!@STARTMSG 2775:0 @!@!@
  ||||line 20, col 14 to line 20, col 29 of module MC_Beefy: 22305:65963
@!@!@ENDMSG 2775 @!@!@
@!@!@STARTMSG 2221:0 @!@!@
  |||||line 20, col 15 to line 20, col 16 of module MC_Beefy: 22305
@!@!@ENDMSG 2221 @!@!@
@!@!@STARTMSG 2221:0 @!@!@
  |||||line 20, col 19 to line 20, col 20 of module MC_Beefy: 22305
@!@!@ENDMSG 2221 @!@!@
@!@!@STARTMSG 2221:0 @!@!@
  |||||line 20, col 23 to line 20, col 24 of module MC_Beefy: 22305
@!@!@ENDMSG 2221 @!@!@
@!@!@STARTMSG 2221:0 @!@!@
  |||||line 20, col 27 to line 20, col 28 of module MC_Beefy: 22305
@!@!@ENDMSG 2221 @!@!@
@!@!@STARTMSG 2221:0 @!@!@
  |||line 49, col 38 to line 49, col 38 of module MC_Beefy: 22305
@!@!@ENDMSG 2221 @!@!@
@!@!@STARTMSG 2221:0 @!@!@
  ||||line 46, col 14 to line 46, col 42 of module MC_Beefy: 22305
@!@!@ENDMSG 2221 @!@!@
@!@!@STARTMSG 2221:0 @!@!@
  |||||line 46, col 30 to line 46, col 41 of module MC_Beefy: 89220
@!@!@ENDMSG 2221 @!@!@
@!@!@STARTMSG 2221:0 @!@!@
  ||||||line 46, col 31 to line 46, col 41 of module MC_Beefy: 89220
@!@!@ENDMSG 2221 @!@!@
@!@!@STARTMSG 2221:0 @!@!@
  |||||||line 178, col 5 to line 180, col 20 of module Beefy: 89220
@!@!@ENDMSG 2221 @!@!@
@!@!@STARTMSG 2221:0 @!@!@
  ||||||||line 178, col 8 to line 178, col 19 of module Beefy: 89220
@!@!@ENDMSG 2221 @!@!@
@!@!@STARTMSG 2221:0 @!@!@
  ||||||||line 179, col 8 to line 179, col 21 of module Beefy: 89220
@!@!@ENDMSG 2221 @!@!@
@!@!@STARTMSG 2221:0 @!@!@
  ||||||||line 180, col 8 to line 180, col 20 of module Beefy: 65963
@!@!@ENDMSG 2221 @!@!@
@!@!@STARTMSG 2221:0 @!@!@
  |||||||line 46, col 40 to line 46, col 40 of module MC_Beefy: 89220
@!@!@ENDMSG 2221 @!@!@
@!@!@STARTMSG 2221:0 @!@!@
  |||||line 46, col 21 to line 46, col 26 of module MC_Beefy: 22305
@!@!@ENDMSG 2221 @!@!@
@!@!@STARTMSG 2775:0 @!@!@
  ||||||line 20, col 14 to line 20, col 29 of module MC_Beefy: 22305:111525
@!@!@ENDMSG 2775 @!@!@
@!@!@STARTMSG 2221:0 @!@!@
  |||||||line 20, col 15 to line 20, col 16 of module MC_Beefy: 22305
@!@!@ENDMSG 2221 @!@!@
@!@!@STARTMSG 2221:0 @!@!@
  |||||||line 20, col 19 to line 20, col 20 of module MC_Beefy: 22305
@!@!@ENDMSG 2221 @!@!@
@!@!@STARTMSG 2221:0 @!@!@
  |||||||line 20, col 23 to line 20, col 24 of module MC_Beefy: 22305
@!@!@ENDMSG 2221 @!@!@
@!@!@STARTMSG 2221:0 @!@!@
  |||||||line 20, col 27 to line 20, col 28 of module MC_Beefy: 22305
@!@!@ENDMSG 2221 @!@!@
@!@!@STARTMSG 2221:0 @!@!@
  line 60, col 22 to line 60, col 22 of module MC_Beefy: 22305
@!@!@ENDMSG 2221 @!@!@
@!@!@STARTMSG 2221:0 @!@!@
  |line 55, col 14 to line 55, col 26 of module MC_Beefy: 22305
@!@!@ENDMSG 2221 @!@!@
@!@!@STARTMSG 2221:0 @!@!@
  ||line 55, col 14 to line 55, col 22 of module MC_Beefy: 22305
@!@!@ENDMSG 2221 @!@!@
@!@!@STARTMSG 2221:0 @!@!@
  |||line 55, col 14 to line 55, col 19 of module MC_Beefy: 22305
@!@!@ENDMSG 2221 @!@!@
@!@!@STARTMSG 2221:0 @!@!@
  |||line 55, col 21 to line 55, col 21 of module MC_Beefy: 22305
@!@!@ENDMSG 2221 @!@!@
@!@!@STARTMSG 2221:0 @!@!@
  ||||line 49, col 14 to line 49, col 83 of module MC_Beefy: 22305
@!@!@ENDMSG 2221 @!@!@
@!@!@STARTMSG 2221:0 @!@!@
  |||||line 49, col 42 to line 49, col 83 of module MC_Beefy: 65963
@!@!@ENDMSG 2221 @!@!@
@!@!@STARTMSG 2221:0 @!@!@
  ||||||line 49, col 60 to line 49, col 83 of module MC_Beefy: 197893
@!@!@ENDMSG 2221 @!@!@
@!@!@STARTMSG 2221:0 @!@!@
  ||||||line 49, col 51 to line 49, col 56 of module MC_Beefy: 65963
@!@!@ENDMSG 2221 @!@!@
@!@!@STARTMSG 2775:0 @!@!@
  |||||||line 20, col 14 to line 20, col 29 of module MC_Beefy: 65963:263856
@!@!@ENDMSG 2775 @!@!@
@!@!@STARTMSG 2221:0 @!@!@
  ||||||||line 20, col 15 to line 20, col 16 of module MC_Beefy: 65963
@!@!@ENDMSG 2221 @!@!@
@!@!@STARTMSG 2221:0 @!@!@
  ||||||||line 20, col 19 to line 20, col 20 of module MC_Beefy: 65963
@!@!@ENDMSG 2221 @!@!@
@!@!@STARTMSG 2221:0 @!@!@
  ||||||||line 20, col 23 to line 20, col 24 of module MC_Beefy: 65963
@!@!@ENDMSG 2221 @!@!@
@!@!@STARTMSG 2221:0 @!@!@
  ||||||||line 20, col 27 to line 20, col 28 of module MC_Beefy: 65963
@!@!@ENDMSG 2221 @!@!@
@!@!@STARTMSG 2221:0 @!@!@
  |||||line 49, col 29 to line 49, col 38 of module MC_Beefy: 22305
@!@!@ENDMSG 2221 @!@!@
@!@!@STARTMSG 2221:0 @!@!@
  ||||||line 49, col 29 to line 49, col 34 of module MC_Beefy: 22305
@!@!@ENDMSG 2221 @!@!@
@!@!@STARTMSG 2775:0 @!@!@
  |||||||line 20, col 14 to line 20, col 29 of module MC_Beefy: 22305:65963
@!@!@ENDMSG 2775 @!@!@
@!@!@STARTMSG 2221:0 @!@!@
  ||||||||line 20, col 15 to line 20, col 16 of module MC_Beefy: 22305
@!@!@ENDMSG 2221 @!@!@
@!@!@STARTMSG 2221:0 @!@!@
  ||||||||line 20, col 19 to line 20, col 20 of module MC_Beefy: 22305
@!@!@ENDMSG 2221 @!@!@
@!@!@STARTMSG 2221:0 @!@!@
  ||||||||line 20, col 23 to line 20, col 24 of module MC_Beefy: 22305
@!@!@ENDMSG 2221 @!@!@
@!@!@STARTMSG 2221:0 @!@!@
  ||||||||line 20, col 27 to line 20, col 28 of module MC_Beefy: 22305
@!@!@ENDMSG 2221 @!@!@
@!@!@STARTMSG 2221:0 @!@!@
  ||||||line 49, col 38 to line 49, col 38 of module MC_Beefy: 22305
@!@!@ENDMSG 2221 @!@!@
@!@!@STARTMSG 2221:0 @!@!@
  |||||||line 46, col 14 to line 46, col 42 of module MC_Beefy: 22305
@!@!@ENDMSG 2221 @!@!@
@!@!@STARTMSG 2221:0 @!@!@
  ||||||||line 46, col 30 to line 46, col 41 of module MC_Beefy: 89220
@!@!@ENDMSG 2221 @!@!@
@!@!@STARTMSG 2221:0 @!@!@
  |||||||||line 46, col 31 to line 46, col 41 of module MC_Beefy: 89220
@!@!@ENDMSG 2221 @!@!@
@!@!@STARTMSG 2221:0 @!@!@
  ||||||||||line 178, col 5 to line 180, col 20 of module Beefy: 89220
@!@!@ENDMSG 2221 @!@!@
@!@!@STARTMSG 2221:0 @!@!@
  |||||||||||line 178, col 8 to line 178, col 19 of module Beefy: 89220
@!@!@ENDMSG 2221 @!@!@
@!@!@STARTMSG 2221:0 @!@!@
  |||||||||||line 179, col 8 to line 179, col 21 of module Beefy: 89220
@!@!@ENDMSG 2221 @!@!@
@!@!@STARTMSG 2221:0 @!@!@
  |||||||||||line 180, col 8 to line 180, col 20 of module Beefy: 65963
@!@!@ENDMSG 2221 @!@!@
@!@!@STARTMSG 2221:0 @!@!@
  ||||||||||line 46, col 40 to line 46, col 40 of module MC_Beefy: 89220
@!@!@ENDMSG 2221 @!@!@
@!@!@STARTMSG 2221:0 @!@!@
  ||||||||line 46, col 21 to line 46, col 26 of module MC_Beefy: 22305
@!@!@ENDMSG 2221 @!@!@
@!@!@STARTMSG 2775:0 @!@!@
  |||||||||line 20, col 14 to line 20, col 29 of module MC_Beefy: 22305:111525
@!@!@ENDMSG 2775 @!@!@
@!@!@STARTMSG 2221:0 @!@!@
  ||||||||||line 20, col 15 to line 20, col 16 of module MC_Beefy: 22305
@!@!@ENDMSG 2221 @!@!@
@!@!@STARTMSG 2221:0 @!@!@
  ||||||||||line 20, col 19 to line 20, col 20 of module MC_Beefy: 22305
@!@!@ENDMSG 2221 @!@!@
@!@!@STARTMSG 2221:0 @!@!@
  ||||||||||line 20, col 23 to line 20, col 24 of module MC_Beefy: 22305
@!@!@ENDMSG 2221 @!@!@
@!@!@STARTMSG 2221:0 @!@!@
  ||||||||||line 20, col 27 to line 20, col 28 of module MC_Beefy: 22305
@!@!@ENDMSG 2221 @!@!@
@!@!@STARTMSG 2221:0 @!@!@
  line 60, col 25 to line 60, col 25 of module MC_Beefy: 22305
@!@!@ENDMSG 2221 @!@!@
@!@!@STARTMSG 2221:0 @!@!@
  line 61, col 8 to line 62, col 44 of module MC_Beefy: 22305
@!@!@ENDMSG 2221 @!@!@
@!@!@STARTMSG 2772:0 @!@!@
<UpdateGRANDPAView line 320, col 1 to line 320, col 23 of module Beefy>: 14270:252563
@!@!@ENDMSG 2772 @!@!@
@!@!@STARTMSG 2221:0 @!@!@
  line 321, col 8 to line 321, col 24 of module Beefy: 1912042
@!@!@ENDMSG 2221 @!@!@
@!@!@STARTMSG 2221:0 @!@!@
  |line 321, col 8 to line 321, col 12 of module Beefy: 1659479
@!@!@ENDMSG 2221 @!@!@
@!@!@STARTMSG 2221:0 @!@!@
  line 178, col 8 to line 178, col 19 of module Beefy: 1009438
@!@!@ENDMSG 2221 @!@!@
@!@!@STARTMSG 2221:0 @!@!@
  |line 178, col 8 to line 178, col 8 of module Beefy: 756875
@!@!@ENDMSG 2221 @!@!@
@!@!@STARTMSG 2221:0 @!@!@
  |line 178, col 14 to line 178, col 19 of module Beefy: 756875
@!@!@ENDMSG 2221 @!@!@
@!@!@STARTMSG 2221:0 @!@!@
  line 179, col 8 to line 179, col 21 of module Beefy: 252563
@!@!@ENDMSG 2221 @!@!@
@!@!@STARTMSG 2221:0 @!@!@
  |line 179, col 8 to line 179, col 16 of module Beefy: 756875
@!@!@ENDMSG 2221 @!@!@
@!@!@STARTMSG 2221:0 @!@!@
  |line 179, col 20 to line 179, col 21 of module Beefy: 756875
@!@!@ENDMSG 2221 @!@!@
@!@!@STARTMSG 2221:0 @!@!@
  line 180, col 8 to line 180, col 20 of module Beefy: 252563
@!@!@ENDMSG 2221 @!@!@
@!@!@STARTMSG 2221:0 @!@!@
  |line 180, col 8 to line 180, col 15 of module Beefy: 735764
@!@!@ENDMSG 2221 @!@!@
@!@!@STARTMSG 2221:0 @!@!@
  |line 180, col 19 to line 180, col 20 of module Beefy: 735764
@!@!@ENDMSG 2221 @!@!@
@!@!@STARTMSG 2221:0 @!@!@
  line 228, col 17 to line 228, col 17 of module Beefy: 756875
@!@!@ENDMSG 2221 @!@!@
@!@!@STARTMSG 2221:0 @!@!@
  line 229, col 8 to line 229, col 30 of module Beefy: 988327
@!@!@ENDMSG 2221 @!@!@
@!@!@STARTMSG 2221:0 @!@!@
  |line 229, col 8 to line 229, col 16 of module Beefy: 735764
@!@!@ENDMSG 2221 @!@!@
@!@!@STARTMSG 2221:0 @!@!@
  line 322, col 18 to line 322, col 18 of module Beefy: 756875
@!@!@ENDMSG 2221 @!@!@
@!@!@STARTMSG 2221:0 @!@!@
  line 323, col 8 to line 323, col 41 of module Beefy: 252563
@!@!@ENDMSG 2221 @!@!@
@!@!@STARTMSG 2221:0 @!@!@
  |line 323, col 8 to line 323, col 16 of module Beefy: 735764
@!@!@ENDMSG 2221 @!@!@
@!@!@STARTMSG 2221:0 @!@!@
  |line 323, col 20 to line 323, col 41 of module Beefy: 735764
@!@!@ENDMSG 2221 @!@!@
@!@!@STARTMSG 2221:0 @!@!@
  line 324, col 8 to line 324, col 51 of module Beefy: 252563
@!@!@ENDMSG 2221 @!@!@
@!@!@STARTMSG 2221:0 @!@!@
  line 325, col 8 to line 325, col 38 of module Beefy: 252563
@!@!@ENDMSG 2221 @!@!@
@!@!@STARTMSG 2221:0 @!@!@
  line 301, col 9 to line 301, col 53 of module Beefy: 252563
@!@!@ENDMSG 2221 @!@!@
@!@!@STARTMSG 2221:0 @!@!@
  |line 301, col 9 to line 301, col 30 of module Beefy: 252563
@!@!@ENDMSG 2221 @!@!@
@!@!@STARTMSG 2221:0 @!@!@
  |line 301, col 35 to line 301, col 53 of module Beefy: 192690
@!@!@ENDMSG 2221 @!@!@
@!@!@STARTMSG 2221:0 @!@!@
  line 303, col 9 to line 303, col 81 of module Beefy: 115587
@!@!@ENDMSG 2221 @!@!@
@!@!@STARTMSG 2221:0 @!@!@
  |line 303, col 25 to line 303, col 81 of module Beefy: 115587
@!@!@ENDMSG 2221 @!@!@
@!@!@STARTMSG 2221:0 @!@!@
  ||line 303, col 26 to line 303, col 37 of module Beefy: 115587
@!@!@ENDMSG 2221 @!@!@
@!@!@STARTMSG 2221:0 @!@!@
  ||line 303, col 46 to line 303, col 80 of module Beefy: 115587
@!@!@ENDMSG 2221 @!@!@
@!@!@STARTMSG 2221:0 @!@!@
  ||line 303, col 53 to line 303, col 80 of module Beefy: 115587
@!@!@ENDMSG 2221 @!@!@
@!@!@STARTMSG 2775:0 @!@!@
  |||line 274, col 14 to line 274, col 58 of module Beefy: 115587:466166
@!@!@ENDMSG 2775 @!@!@
@!@!@STARTMSG 2221:0 @!@!@
  ||||line 274, col 30 to line 274, col 57 of module Beefy: 462348
@!@!@ENDMSG 2221 @!@!@
@!@!@STARTMSG 2221:0 @!@!@
  |||||line 274, col 30 to line 274, col 41 of module Beefy: 462348
@!@!@ENDMSG 2221 @!@!@
@!@!@STARTMSG 2221:0 @!@!@
  |||||line 274, col 46 to line 274, col 57 of module Beefy: 234992
@!@!@ENDMSG 2221 @!@!@
@!@!@STARTMSG 2221:0 @!@!@
  ||||line 274, col 21 to line 274, col 26 of module Beefy: 115587
@!@!@ENDMSG 2221 @!@!@
@!@!@STARTMSG 2775:0 @!@!@
  |||||line 20, col 14 to line 20, col 29 of module MC_Beefy: 115587:577935
@!@!@ENDMSG 2775 @!@!@
@!@!@STARTMSG 2221:0 @!@!@
  ||||||line 20, col 15 to line 20, col 16 of module MC_Beefy: 115587
@!@!@ENDMSG 2221 @!@!@
@!@!@STARTMSG 2221:0 @!@!@
  ||||||line 20, col 19 to line 20, col 20 of module MC_Beefy: 115587
@!@!@ENDMSG 2221 @!@!@
@!@!@STARTMSG 2221:0 @!@!@
  ||||||line 20, col 23 to line 20, col 24 of module MC_Beefy: 115587
@!@!@ENDMSG 2221 @!@!@
@!@!@STARTMSG 2221:0 @!@!@
  ||||||line 20, col 27 to line 20, col 28 of module MC_Beefy: 115587
@!@!@ENDMSG 2221 @!@!@
@!@!@STARTMSG 2221:0 @!@!@
  |||line 276, col 9 to line 276, col 62 of module Beefy: 115587
@!@!@ENDMSG 2221 @!@!@
@!@!@STARTMSG 2221:0 @!@!@
  ||||line 276, col 27 to line 276, col 61 of module Beefy: 115587
@!@!@ENDMSG 2221 @!@!@
@!@!@STARTMSG 2221:0 @!@!@
  |||||line 276, col 40 to line 276, col 61 of module Beefy: 234992
@!@!@ENDMSG 2221 @!@!@
@!@!@STARTMSG 2221:0 @!@!@
  |||||line 276, col 36 to line 276, col 36 of module Beefy: 115587
@!@!@ENDMSG 2221 @!@!@
@!@!@STARTMSG 2221:0 @!@!@
  ||||line 276, col 22 to line 276, col 22 of module Beefy: 115587
@!@!@ENDMSG 2221 @!@!@
@!@!@STARTMSG 2221:0 @!@!@
  |||line 303, col 72 to line 303, col 79 of module Beefy: 115587
@!@!@ENDMSG 2221 @!@!@
@!@!@STARTMSG 2221:0 @!@!@
  line 305, col 9 to line 305, col 36 of module Beefy: 136976
@!@!@ENDMSG 2221 @!@!@
@!@!@STARTMSG 2221:0 @!@!@
  line 326, col 27 to line 326, col 27 of module Beefy: 252563
@!@!@ENDMSG 2221 @!@!@
@!@!@STARTMSG 2221:0 @!@!@
  line 326, col 30 to line 326, col 41 of module Beefy: 252563
@!@!@ENDMSG 2221 @!@!@
@!@!@STARTMSG 2221:0 @!@!@
  line 326, col 44 to line 326, col 44 of module Beefy: 192690
@!@!@ENDMSG 2221 @!@!@
@!@!@STARTMSG 2221:0 @!@!@
  line 327, col 8 to line 328, col 43 of module Beefy: 252563
@!@!@ENDMSG 2221 @!@!@
@!@!@STARTMSG 2772:0 @!@!@
<UpdateBEEFYView line 386, col 1 to line 386, col 21 of module Beefy (392 5 407 70)>: 17598:112140
@!@!@ENDMSG 2772 @!@!@
@!@!@STARTMSG 2221:0 @!@!@
  line 392, col 9 to line 392, col 25 of module Beefy: 1738786
@!@!@ENDMSG 2221 @!@!@
@!@!@STARTMSG 2221:0 @!@!@
  |line 392, col 9 to line 392, col 13 of module Beefy: 1659474
@!@!@ENDMSG 2221 @!@!@
@!@!@STARTMSG 2221:0 @!@!@
  line 392, col 31 to line 392, col 44 of module Beefy: 1692302
@!@!@ENDMSG 2221 @!@!@
@!@!@STARTMSG 2221:0 @!@!@
  |line 392, col 31 to line 392, col 35 of module Beefy: 1659474
@!@!@ENDMSG 2221 @!@!@
@!@!@STARTMSG 2221:0 @!@!@
  line 392, col 49 to line 392, col 62 of module Beefy: 935432
@!@!@ENDMSG 2221 @!@!@
@!@!@STARTMSG 2221:0 @!@!@
  |line 392, col 49 to line 392, col 56 of module Beefy: 902604
@!@!@ENDMSG 2221 @!@!@
@!@!@STARTMSG 2221:0 @!@!@
  |line 392, col 61 to line 392, col 62 of module Beefy: 902604
@!@!@ENDMSG 2221 @!@!@
@!@!@STARTMSG 2221:0 @!@!@
  line 178, col 8 to line 178, col 19 of module Beefy: 1168174
@!@!@ENDMSG 2221 @!@!@
@!@!@STARTMSG 2221:0 @!@!@
  |line 178, col 8 to line 178, col 8 of module Beefy: 1056034
@!@!@ENDMSG 2221 @!@!@
@!@!@STARTMSG 2221:0 @!@!@
  |line 178, col 14 to line 178, col 19 of module Beefy: 1056034
@!@!@ENDMSG 2221 @!@!@
@!@!@STARTMSG 2221:0 @!@!@
  line 179, col 8 to line 179, col 21 of module Beefy: 112140
@!@!@ENDMSG 2221 @!@!@
@!@!@STARTMSG 2221:0 @!@!@
  |line 179, col 8 to line 179, col 16 of module Beefy: 1056034
@!@!@ENDMSG 2221 @!@!@
@!@!@STARTMSG 2221:0 @!@!@
  |line 179, col 20 to line 179, col 21 of module Beefy: 1056034
@!@!@ENDMSG 2221 @!@!@
@!@!@STARTMSG 2221:0 @!@!@
  line 180, col 8 to line 180, col 20 of module Beefy: 112140
@!@!@ENDMSG 2221 @!@!@
@!@!@STARTMSG 2221:0 @!@!@
  |line 180, col 8 to line 180, col 15 of module Beefy: 1030213
@!@!@ENDMSG 2221 @!@!@
@!@!@STARTMSG 2221:0 @!@!@
  |line 180, col 19 to line 180, col 20 of module Beefy: 1030213
@!@!@ENDMSG 2221 @!@!@
@!@!@STARTMSG 2221:0 @!@!@
  line 228, col 17 to line 228, col 17 of module Beefy: 1056034
@!@!@ENDMSG 2221 @!@!@
@!@!@STARTMSG 2221:0 @!@!@
  line 229, col 8 to line 229, col 30 of module Beefy: 1142353
@!@!@ENDMSG 2221 @!@!@
@!@!@STARTMSG 2221:0 @!@!@
  |line 229, col 8 to line 229, col 16 of module Beefy: 1030213
@!@!@ENDMSG 2221 @!@!@
@!@!@STARTMSG 2221:0 @!@!@
  line 238, col 18 to line 238, col 18 of module Beefy: 1056034
@!@!@ENDMSG 2221 @!@!@
@!@!@STARTMSG 2221:0 @!@!@
  line 239, col 8 to line 239, col 27 of module Beefy: 1142353
@!@!@ENDMSG 2221 @!@!@
@!@!@STARTMSG 2221:0 @!@!@
  |line 239, col 8 to line 239, col 15 of module Beefy: 1030213
@!@!@ENDMSG 2221 @!@!@
@!@!@STARTMSG 2221:0 @!@!@
  |line 239, col 21 to line 239, col 27 of module Beefy: 1030213
@!@!@ENDMSG 2221 @!@!@
@!@!@STARTMSG 2221:0 @!@!@
  line 393, col 18 to line 393, col 18 of module Beefy: 1056034
@!@!@ENDMSG 2221 @!@!@
@!@!@STARTMSG 2221:0 @!@!@
  line 394, col 8 to line 394, col 39 of module Beefy: 112140
@!@!@ENDMSG 2221 @!@!@
@!@!@STARTMSG 2221:0 @!@!@
  |line 394, col 8 to line 394, col 16 of module Beefy: 440870
@!@!@ENDMSG 2221 @!@!@
@!@!@STARTMSG 2221:0 @!@!@
  |line 394, col 20 to line 394, col 39 of module Beefy: 440870
@!@!@ENDMSG 2221 @!@!@
@!@!@STARTMSG 2221:0 @!@!@
  line 395, col 8 to line 395, col 42 of module Beefy: 112140
@!@!@ENDMSG 2221 @!@!@
@!@!@STARTMSG 2221:0 @!@!@
  |line 395, col 8 to line 395, col 29 of module Beefy: 139706
@!@!@ENDMSG 2221 @!@!@
@!@!@STARTMSG 2221:0 @!@!@
  |line 395, col 34 to line 395, col 42 of module Beefy: 139706
@!@!@ENDMSG 2221 @!@!@
@!@!@STARTMSG 2221:0 @!@!@
  line 399, col 12 to line 399, col 16 of module Beefy: 198458
@!@!@ENDMSG 2221 @!@!@
@!@!@STARTMSG 2221:0 @!@!@
  |line 399, col 12 to line 399, col 12 of module Beefy: 123873
@!@!@ENDMSG 2221 @!@!@
@!@!@STARTMSG 2221:0 @!@!@
  |line 399, col 16 to line 399, col 16 of module Beefy: 123873
@!@!@ENDMSG 2221 @!@!@
@!@!@STARTMSG 2221:0 @!@!@
  line 400, col 15 to line 400, col 38 of module Beefy: 161428
@!@!@ENDMSG 2221 @!@!@
@!@!@STARTMSG 2221:0 @!@!@
  |line 400, col 15 to line 400, col 15 of module Beefy: 123873
@!@!@ENDMSG 2221 @!@!@
@!@!@STARTMSG 2221:0 @!@!@
  |line 400, col 21 to line 400, col 38 of module Beefy: 123873
@!@!@ENDMSG 2221 @!@!@
@!@!@STARTMSG 2221:0 @!@!@
  line 401, col 15 to line 401, col 33 of module Beefy: 75110
@!@!@ENDMSG 2221 @!@!@
@!@!@STARTMSG 2221:0 @!@!@
  |line 401, col 15 to line 401, col 22 of module Beefy: 37555
@!@!@ENDMSG 2221 @!@!@
@!@!@STARTMSG 2221:0 @!@!@
  |line 401, col 26 to line 401, col 33 of module Beefy: 37555
@!@!@ENDMSG 2221 @!@!@
@!@!@STARTMSG 2221:0 @!@!@
  line 402, col 8 to line 402, col 47 of module Beefy: 112140
@!@!@ENDMSG 2221 @!@!@
@!@!@STARTMSG 2221:0 @!@!@
  line 403, col 8 to line 403, col 38 of module Beefy: 112140
@!@!@ENDMSG 2221 @!@!@
@!@!@STARTMSG 2221:0 @!@!@
  line 404, col 8 to line 404, col 38 of module Beefy: 112140
@!@!@ENDMSG 2221 @!@!@
@!@!@STARTMSG 2221:0 @!@!@
  line 301, col 9 to line 301, col 53 of module Beefy: 112140
@!@!@ENDMSG 2221 @!@!@
@!@!@STARTMSG 2221:0 @!@!@
  line 303, col 9 to line 303, col 81 of module Beefy: 16796
@!@!@ENDMSG 2221 @!@!@
@!@!@STARTMSG 2221:0 @!@!@
  |line 303, col 25 to line 303, col 81 of module Beefy: 16796
@!@!@ENDMSG 2221 @!@!@
@!@!@STARTMSG 2221:0 @!@!@
  ||line 303, col 26 to line 303, col 37 of module Beefy: 16796
@!@!@ENDMSG 2221 @!@!@
@!@!@STARTMSG 2221:0 @!@!@
  ||line 303, col 46 to line 303, col 80 of module Beefy: 16796
@!@!@ENDMSG 2221 @!@!@
@!@!@STARTMSG 2221:0 @!@!@
  ||line 303, col 53 to line 303, col 80 of module Beefy: 16796
@!@!@ENDMSG 2221 @!@!@
@!@!@STARTMSG 2775:0 @!@!@
  |||line 274, col 14 to line 274, col 58 of module Beefy: 16796:58410
@!@!@ENDMSG 2775 @!@!@
@!@!@STARTMSG 2221:0 @!@!@
  ||||line 274, col 30 to line 274, col 57 of module Beefy: 67184
@!@!@ENDMSG 2221 @!@!@
@!@!@STARTMSG 2221:0 @!@!@
  |||||line 274, col 30 to line 274, col 41 of module Beefy: 67184
@!@!@ENDMSG 2221 @!@!@
@!@!@STARTMSG 2221:0 @!@!@
  |||||line 274, col 46 to line 274, col 57 of module Beefy: 24818
@!@!@ENDMSG 2221 @!@!@
@!@!@STARTMSG 2221:0 @!@!@
  ||||line 274, col 21 to line 274, col 26 of module Beefy: 16796
@!@!@ENDMSG 2221 @!@!@
@!@!@STARTMSG 2775:0 @!@!@
  |||||line 20, col 14 to line 20, col 29 of module MC_Beefy: 16796:83980
@!@!@ENDMSG 2775 @!@!@
@!@!@STARTMSG 2221:0 @!@!@
  ||||||line 20, col 15 to line 20, col 16 of module MC_Beefy: 16796
@!@!@ENDMSG 2221 @!@!@
@!@!@STARTMSG 2221:0 @!@!@
  ||||||line 20, col 19 to line 20, col 20 of module MC_Beefy: 16796
@!@!@ENDMSG 2221 @!@!@
@!@!@STARTMSG 2221:0 @!@!@
  ||||||line 20, col 23 to line 20, col 24 of module MC_Beefy: 16796
@!@!@ENDMSG 2221 @!@!@
@!@!@STARTMSG 2221:0 @!@!@
  ||||||line 20, col 27 to line 20, col 28 of module MC_Beefy: 16796
@!@!@ENDMSG 2221 @!@!@
@!@!@STARTMSG 2221:0 @!@!@
  |||line 276, col 9 to line 276, col 62 of module Beefy: 16796
@!@!@ENDMSG 2221 @!@!@
@!@!@STARTMSG 2221:0 @!@!@
  ||||line 276, col 27 to line 276, col 61 of module Beefy: 16796
@!@!@ENDMSG 2221 @!@!@
@!@!@STARTMSG 2221:0 @!@!@
  |||||line 276, col 40 to line 276, col 61 of module Beefy: 24818
@!@!@ENDMSG 2221 @!@!@
@!@!@STARTMSG 2221:0 @!@!@
  |||||line 276, col 36 to line 276, col 36 of module Beefy: 16796
@!@!@ENDMSG 2221 @!@!@
@!@!@STARTMSG 2221:0 @!@!@
  ||||line 276, col 22 to line 276, col 22 of module Beefy: 16796
@!@!@ENDMSG 2221 @!@!@
@!@!@STARTMSG 2221:0 @!@!@
  |||line 303, col 72 to line 303, col 79 of module Beefy: 16796
@!@!@ENDMSG 2221 @!@!@
@!@!@STARTMSG 2221:0 @!@!@
  line 305, col 9 to line 305, col 36 of module Beefy: 95344
@!@!@ENDMSG 2221 @!@!@
@!@!@STARTMSG 2221:0 @!@!@
  line 405, col 27 to line 405, col 27 of module Beefy: 112140
@!@!@ENDMSG 2221 @!@!@
@!@!@STARTMSG 2221:0 @!@!@
  line 405, col 30 to line 405, col 30 of module Beefy: 112140
@!@!@ENDMSG 2221 @!@!@
@!@!@STARTMSG 2221:0 @!@!@
  line 405, col 33 to line 405, col 46 of module Beefy: 112140
@!@!@ENDMSG 2221 @!@!@
@!@!@STARTMSG 2221:0 @!@!@
  line 348, col 9 to line 348, col 13 of module Beefy: 112140
@!@!@ENDMSG 2221 @!@!@
@!@!@STARTMSG 2221:0 @!@!@
  line 350, col 9 to line 350, col 67 of module Beefy: 74585
@!@!@ENDMSG 2221 @!@!@
@!@!@STARTMSG 2221:0 @!@!@
  |line 350, col 28 to line 350, col 67 of module Beefy: 74585
@!@!@ENDMSG 2221 @!@!@
@!@!@STARTMSG 2221:0 @!@!@
  ||line 350, col 29 to line 350, col 43 of module Beefy: 74585
@!@!@ENDMSG 2221 @!@!@
@!@!@STARTMSG 2221:0 @!@!@
  ||line 350, col 52 to line 350, col 66 of module Beefy: 74585
@!@!@ENDMSG 2221 @!@!@
@!@!@STARTMSG 2221:0 @!@!@
  ||line 350, col 57 to line 350, col 66 of module Beefy: 74585
@!@!@ENDMSG 2221 @!@!@
@!@!@STARTMSG 2775:0 @!@!@
  |||line 350, col 64 to line 350, col 66 of module Beefy: 74585:149170
@!@!@ENDMSG 2775 @!@!@
@!@!@STARTMSG 2221:0 @!@!@
  ||||line 350, col 65 to line 350, col 65 of module Beefy: 74585
@!@!@ENDMSG 2221 @!@!@
@!@!@STARTMSG 2221:0 @!@!@
  line 352, col 9 to line 352, col 42 of module Beefy: 37555
@!@!@ENDMSG 2221 @!@!@
@!@!@STARTMSG 2221:0 @!@!@
  line 406, col 27 to line 406, col 27 of module Beefy: 112140
@!@!@ENDMSG 2221 @!@!@
@!@!@STARTMSG 2221:0 @!@!@
  line 406, col 30 to line 406, col 30 of module Beefy: 112140
@!@!@ENDMSG 2221 @!@!@
@!@!@STARTMSG 2221:0 @!@!@
  line 407, col 8 to line 407, col 70 of module Beefy: 112140
@!@!@ENDMSG 2221 @!@!@
@!@!@STARTMSG 2772:0 @!@!@
<CastVote line 546, col 1 to line 546, col 11 of module Beefy>: 23305:150860
@!@!@ENDMSG 2772 @!@!@
@!@!@STARTMSG 2221:0 @!@!@
  line 547, col 8 to line 547, col 21 of module Beefy: 565726
@!@!@ENDMSG 2221 @!@!@
@!@!@STARTMSG 2221:0 @!@!@
  |line 547, col 8 to line 547, col 12 of module Beefy: 414866
@!@!@ENDMSG 2221 @!@!@
@!@!@STARTMSG 2221:0 @!@!@
  line 548, col 8 to line 548, col 20 of module Beefy: 376511
@!@!@ENDMSG 2221 @!@!@
@!@!@STARTMSG 2221:0 @!@!@
  |line 548, col 8 to line 548, col 15 of module Beefy: 225651
@!@!@ENDMSG 2221 @!@!@
@!@!@STARTMSG 2221:0 @!@!@
  |line 548, col 19 to line 548, col 20 of module Beefy: 225651
@!@!@ENDMSG 2221 @!@!@
@!@!@STARTMSG 2221:0 @!@!@
  line 503, col 8 to line 503, col 53 of module Beefy: 69544
@!@!@ENDMSG 2221 @!@!@
@!@!@STARTMSG 2221:0 @!@!@
  |line 503, col 8 to line 503, col 27 of module Beefy: 150860
@!@!@ENDMSG 2221 @!@!@
@!@!@STARTMSG 2221:0 @!@!@
  |line 503, col 31 to line 503, col 53 of module Beefy: 150860
@!@!@ENDMSG 2221 @!@!@
@!@!@STARTMSG 2221:0 @!@!@
  line 484, col 8 to line 484, col 34 of module Beefy: 69544
@!@!@ENDMSG 2221 @!@!@
@!@!@STARTMSG 2221:0 @!@!@
  line 486, col 12 to line 486, col 52 of module Beefy: 69544
@!@!@ENDMSG 2221 @!@!@
@!@!@STARTMSG 2221:0 @!@!@
  |line 486, col 21 to line 486, col 52 of module Beefy: 69544
@!@!@ENDMSG 2221 @!@!@
@!@!@STARTMSG 2221:0 @!@!@
  ||line 486, col 22 to line 486, col 26 of module Beefy: 69544
@!@!@ENDMSG 2221 @!@!@
@!@!@STARTMSG 2221:0 @!@!@
  ||line 486, col 35 to line 486, col 51 of module Beefy: 69544
@!@!@ENDMSG 2221 @!@!@
@!@!@STARTMSG 2221:0 @!@!@
  ||line 486, col 42 to line 486, col 51 of module Beefy: 69544
@!@!@ENDMSG 2221 @!@!@
@!@!@STARTMSG 2775:0 @!@!@
  |||line 486, col 49 to line 486, col 51 of module Beefy: 69544:60364
@!@!@ENDMSG 2775 @!@!@
@!@!@STARTMSG 2221:0 @!@!@
  ||||line 486, col 50 to line 486, col 50 of module Beefy: 69544
@!@!@ENDMSG 2221 @!@!@
@!@!@STARTMSG 2221:0 @!@!@
  line 487, col 12 to line 490, col 26 of module Beefy: 69544
@!@!@ENDMSG 2221 @!@!@
@!@!@STARTMSG 2775:0 @!@!@
  |line 487, col 21 to line 490, col 26 of module Beefy: 69544:278176
@!@!@ENDMSG 2775 @!@!@
@!@!@STARTMSG 2221:0 @!@!@
  ||line 488, col 13 to line 490, col 25 of module Beefy: 278176
@!@!@ENDMSG 2221 @!@!@
@!@!@STARTMSG 2221:0 @!@!@
  |||line 488, col 16 to line 488, col 28 of module Beefy: 278176
@!@!@ENDMSG 2221 @!@!@
@!@!@STARTMSG 2221:0 @!@!@
  |||line 489, col 18 to line 489, col 34 of module Beefy: 69544
@!@!@ENDMSG 2221 @!@!@
@!@!@STARTMSG 2221:0 @!@!@
  ||||line 489, col 18 to line 489, col 25 of module Beefy: 69544
@!@!@ENDMSG 2221 @!@!@
@!@!@STARTMSG 2775:0 @!@!@
  ||||line 489, col 32 to line 489, col 34 of module Beefy: 69544:124084
@!@!@ENDMSG 2775 @!@!@
@!@!@STARTMSG 2221:0 @!@!@
  |||||line 489, col 33 to line 489, col 33 of module Beefy: 69544
@!@!@ENDMSG 2221 @!@!@
@!@!@STARTMSG 2221:0 @!@!@
  |||line 490, col 18 to line 490, col 25 of module Beefy: 208632
@!@!@ENDMSG 2221 @!@!@
@!@!@STARTMSG 2221:0 @!@!@
  ||line 487, col 28 to line 487, col 33 of module Beefy: 69544
@!@!@ENDMSG 2221 @!@!@
@!@!@STARTMSG 2775:0 @!@!@
  |||line 20, col 14 to line 20, col 29 of module MC_Beefy: 69544:347720
@!@!@ENDMSG 2775 @!@!@
@!@!@STARTMSG 2221:0 @!@!@
  ||||line 20, col 15 to line 20, col 16 of module MC_Beefy: 69544
@!@!@ENDMSG 2221 @!@!@
@!@!@STARTMSG 2221:0 @!@!@
  ||||line 20, col 19 to line 20, col 20 of module MC_Beefy: 69544
@!@!@ENDMSG 2221 @!@!@
@!@!@STARTMSG 2221:0 @!@!@
  ||||line 20, col 23 to line 20, col 24 of module MC_Beefy: 69544
@!@!@ENDMSG 2221 @!@!@
@!@!@STARTMSG 2221:0 @!@!@
  ||||line 20, col 27 to line 20, col 28 of module MC_Beefy: 69544
@!@!@ENDMSG 2221 @!@!@
@!@!@STARTMSG 2221:0 @!@!@
  line 492, col 12 to line 492, col 25 of module Beefy: 0
@!@!@ENDMSG 2221 @!@!@
@!@!@STARTMSG 2221:0 @!@!@
  line 493, col 12 to line 493, col 25 of module Beefy: 0
@!@!@ENDMSG 2221 @!@!@
@!@!@STARTMSG 2221:0 @!@!@
  line 504, col 17 to line 504, col 17 of module Beefy: 69544
@!@!@ENDMSG 2221 @!@!@
@!@!@STARTMSG 2221:0 @!@!@
  line 504, col 20 to line 504, col 42 of module Beefy: 69544
@!@!@ENDMSG 2221 @!@!@
@!@!@STARTMSG 2221:0 @!@!@
  line 549, col 25 to line 549, col 25 of module Beefy: 150860
@!@!@ENDMSG 2221 @!@!@
@!@!@STARTMSG 2221:0 @!@!@
  line 524, col 8 to line 524, col 54 of module Beefy: 81316
@!@!@ENDMSG 2221 @!@!@
@!@!@STARTMSG 2221:0 @!@!@
  |line 524, col 8 to line 524, col 27 of module Beefy: 150860
@!@!@ENDMSG 2221 @!@!@
@!@!@STARTMSG 2221:0 @!@!@
  |line 524, col 32 to line 524, col 54 of module Beefy: 150860
@!@!@ENDMSG 2221 @!@!@
@!@!@STARTMSG 2221:0 @!@!@
  line 484, col 8 to line 484, col 34 of module Beefy: 81316
@!@!@ENDMSG 2221 @!@!@
@!@!@STARTMSG 2221:0 @!@!@
  line 486, col 12 to line 486, col 52 of module Beefy: 55494
@!@!@ENDMSG 2221 @!@!@
@!@!@STARTMSG 2221:0 @!@!@
  |line 486, col 21 to line 486, col 52 of module Beefy: 55494
@!@!@ENDMSG 2221 @!@!@
@!@!@STARTMSG 2221:0 @!@!@
  ||line 486, col 22 to line 486, col 26 of module Beefy: 55494
@!@!@ENDMSG 2221 @!@!@
@!@!@STARTMSG 2221:0 @!@!@
  ||line 486, col 35 to line 486, col 51 of module Beefy: 55494
@!@!@ENDMSG 2221 @!@!@
@!@!@STARTMSG 2221:0 @!@!@
  ||line 486, col 42 to line 486, col 51 of module Beefy: 55494
@!@!@ENDMSG 2221 @!@!@
@!@!@STARTMSG 2775:0 @!@!@
  |||line 486, col 49 to line 486, col 51 of module Beefy: 55494:71086
@!@!@ENDMSG 2775 @!@!@
@!@!@STARTMSG 2221:0 @!@!@
  ||||line 486, col 50 to line 486, col 50 of module Beefy: 55494
@!@!@ENDMSG 2221 @!@!@
@!@!@STARTMSG 2221:0 @!@!@
  line 487, col 12 to line 490, col 26 of module Beefy: 55494
@!@!@ENDMSG 2221 @!@!@
@!@!@STARTMSG 2775:0 @!@!@
  |line 487, col 21 to line 490, col 26 of module Beefy: 55494:221976
@!@!@ENDMSG 2775 @!@!@
@!@!@STARTMSG 2221:0 @!@!@
  ||line 488, col 13 to line 490, col 25 of module Beefy: 221976
@!@!@ENDMSG 2221 @!@!@
@!@!@STARTMSG 2221:0 @!@!@
  |||line 488, col 16 to line 488, col 28 of module Beefy: 221976
@!@!@ENDMSG 2221 @!@!@
@!@!@STARTMSG 2221:0 @!@!@
  |||line 489, col 18 to line 489, col 34 of module Beefy: 55494
@!@!@ENDMSG 2221 @!@!@
@!@!@STARTMSG 2221:0 @!@!@
  ||||line 489, col 18 to line 489, col 25 of module Beefy: 55494
@!@!@ENDMSG 2221 @!@!@
@!@!@STARTMSG 2775:0 @!@!@
  ||||line 489, col 32 to line 489, col 34 of module Beefy: 55494:93020
@!@!@ENDMSG 2775 @!@!@
@!@!@STARTMSG 2221:0 @!@!@
  |||||line 489, col 33 to line 489, col 33 of module Beefy: 55494
@!@!@ENDMSG 2221 @!@!@
@!@!@STARTMSG 2221:0 @!@!@
  |||line 490, col 18 to line 490, col 25 of module Beefy: 166482
@!@!@ENDMSG 2221 @!@!@
@!@!@STARTMSG 2221:0 @!@!@
  ||line 487, col 28 to line 487, col 33 of module Beefy: 55494
@!@!@ENDMSG 2221 @!@!@
@!@!@STARTMSG 2775:0 @!@!@
  |||line 20, col 14 to line 20, col 29 of module MC_Beefy: 55494:277470
@!@!@ENDMSG 2775 @!@!@
@!@!@STARTMSG 2221:0 @!@!@
  ||||line 20, col 15 to line 20, col 16 of module MC_Beefy: 55494
@!@!@ENDMSG 2221 @!@!@
@!@!@STARTMSG 2221:0 @!@!@
  ||||line 20, col 19 to line 20, col 20 of module MC_Beefy: 55494
@!@!@ENDMSG 2221 @!@!@
@!@!@STARTMSG 2221:0 @!@!@
  ||||line 20, col 23 to line 20, col 24 of module MC_Beefy: 55494
@!@!@ENDMSG 2221 @!@!@
@!@!@STARTMSG 2221:0 @!@!@
  ||||line 20, col 27 to line 20, col 28 of module MC_Beefy: 55494
@!@!@ENDMSG 2221 @!@!@
@!@!@STARTMSG 2221:0 @!@!@
  line 492, col 9 to line 493, col 25 of module Beefy: 25822
@!@!@ENDMSG 2221 @!@!@
@!@!@STARTMSG 2221:0 @!@!@
  line 525, col 17 to line 525, col 17 of module Beefy: 81316
@!@!@ENDMSG 2221 @!@!@
@!@!@STARTMSG 2221:0 @!@!@
  line 525, col 20 to line 525, col 20 of module Beefy: 81316
@!@!@ENDMSG 2221 @!@!@
@!@!@STARTMSG 2221:0 @!@!@
  line 550, col 28 to line 550, col 28 of module Beefy: 150860
@!@!@ENDMSG 2221 @!@!@
@!@!@STARTMSG 2221:0 @!@!@
  line 551, col 8 to line 551, col 41 of module Beefy: 150860
@!@!@ENDMSG 2221 @!@!@
@!@!@STARTMSG 2221:0 @!@!@
  line 552, col 8 to line 553, col 51 of module Beefy: 150860
@!@!@ENDMSG 2221 @!@!@
@!@!@STARTMSG 2772:0 @!@!@
<FaultyStep line 561, col 1 to line 561, col 10 of module Beefy>: 120057:539511
@!@!@ENDMSG 2772 @!@!@
@!@!@STARTMSG 2221:0 @!@!@
  line 178, col 8 to line 178, col 19 of module Beefy: 1092651
@!@!@ENDMSG 2221 @!@!@
@!@!@STARTMSG 2221:0 @!@!@
  |line 178, col 8 to line 178, col 8 of module Beefy: 553140
@!@!@ENDMSG 2221 @!@!@
@!@!@STARTMSG 2221:0 @!@!@
  |line 178, col 14 to line 178, col 19 of module Beefy: 553140
@!@!@ENDMSG 2221 @!@!@
@!@!@STARTMSG 2221:0 @!@!@
  line 179, col 8 to line 179, col 21 of module Beefy: 539511
@!@!@ENDMSG 2221 @!@!@
@!@!@STARTMSG 2221:0 @!@!@
  |line 179, col 8 to line 179, col 16 of module Beefy: 553140
@!@!@ENDMSG 2221 @!@!@
@!@!@STARTMSG 2221:0 @!@!@
  |line 179, col 20 to line 179, col 21 of module Beefy: 553140
@!@!@ENDMSG 2221 @!@!@
@!@!@STARTMSG 2221:0 @!@!@
  line 180, col 8 to line 180, col 20 of module Beefy: 539511
@!@!@ENDMSG 2221 @!@!@
@!@!@STARTMSG 2221:0 @!@!@
  line 228, col 17 to line 228, col 17 of module Beefy: 553140
@!@!@ENDMSG 2221 @!@!@
@!@!@STARTMSG 2221:0 @!@!@
  line 229, col 8 to line 229, col 30 of module Beefy: 1079022
@!@!@ENDMSG 2221 @!@!@
@!@!@STARTMSG 2221:0 @!@!@
  |line 229, col 8 to line 229, col 16 of module Beefy: 539511
@!@!@ENDMSG 2221 @!@!@
@!@!@STARTMSG 2221:0 @!@!@
  line 563, col 22 to line 563, col 22 of module Beefy: 553140
@!@!@ENDMSG 2221 @!@!@
@!@!@STARTMSG 2221:0 @!@!@
  line 564, col 12 to line 564, col 59 of module Beefy: 539511
@!@!@ENDMSG 2221 @!@!@
@!@!@STARTMSG 2221:0 @!@!@
  |line 564, col 21 to line 564, col 59 of module Beefy: 539511
@!@!@ENDMSG 2221 @!@!@
@!@!@STARTMSG 2221:0 @!@!@
  ||line 564, col 22 to line 564, col 26 of module Beefy: 539511
@!@!@ENDMSG 2221 @!@!@
@!@!@STARTMSG 2221:0 @!@!@
  ||line 564, col 35 to line 564, col 58 of module Beefy: 539511
@!@!@ENDMSG 2221 @!@!@
@!@!@STARTMSG 2221:0 @!@!@
  ||line 564, col 42 to line 564, col 58 of module Beefy: 539511
@!@!@ENDMSG 2221 @!@!@
@!@!@STARTMSG 2221:0 @!@!@
  |||line 564, col 42 to line 564, col 49 of module Beefy: 539511
@!@!@ENDMSG 2221 @!@!@
@!@!@STARTMSG 2775:0 @!@!@
  |||line 564, col 56 to line 564, col 58 of module Beefy: 539511:1003524
@!@!@ENDMSG 2775 @!@!@
@!@!@STARTMSG 2221:0 @!@!@
  ||||line 564, col 57 to line 564, col 57 of module Beefy: 539511
@!@!@ENDMSG 2221 @!@!@
@!@!@STARTMSG 2221:0 @!@!@
  line 562, col 35 to line 562, col 40 of module Beefy: 138285
@!@!@ENDMSG 2221 @!@!@
@!@!@STARTMSG 2775:0 @!@!@
  |line 20, col 14 to line 20, col 29 of module MC_Beefy: 138285:691425
@!@!@ENDMSG 2775 @!@!@
@!@!@STARTMSG 2221:0 @!@!@
  ||line 20, col 15 to line 20, col 16 of module MC_Beefy: 138285
@!@!@ENDMSG 2221 @!@!@
@!@!@STARTMSG 2221:0 @!@!@
  ||line 20, col 19 to line 20, col 20 of module MC_Beefy: 138285
@!@!@ENDMSG 2221 @!@!@
@!@!@STARTMSG 2221:0 @!@!@
  ||line 20, col 23 to line 20, col 24 of module MC_Beefy: 138285
@!@!@ENDMSG 2221 @!@!@
@!@!@STARTMSG 2221:0 @!@!@
  ||line 20, col 27 to line 20, col 28 of module MC_Beefy: 138285
@!@!@ENDMSG 2221 @!@!@
@!@!@STARTMSG 2221:0 @!@!@
  line 562, col 17 to line 562, col 22 of module Beefy: 138285
@!@!@ENDMSG 2221 @!@!@
@!@!@STARTMSG 2775:0 @!@!@
  |line 16, col 14 to line 16, col 17 of module MC_Beefy: 138285:276570
@!@!@ENDMSG 2775 @!@!@
@!@!@STARTMSG 2221:0 @!@!@
  ||line 16, col 15 to line 16, col 16 of module MC_Beefy: 138285
@!@!@ENDMSG 2221 @!@!@
@!@!@STARTMSG 2221:0 @!@!@
  line 565, col 8 to line 566, col 68 of module Beefy: 539511
@!@!@ENDMSG 2221 @!@!@
@!@!@STARTMSG 2774:0 @!@!@
<TypeOK line 119, col 1 to line 119, col 6 of module Beefy>
@!@!@ENDMSG 2774 @!@!@
@!@!@STARTMSG 2221:0 @!@!@
  line 120, col 5 to line 130, col 35 of module Beefy: 175250
@!@!@ENDMSG 2221 @!@!@
@!@!@STARTMSG 2774:0 @!@!@
<RoundsMaxOne line 103, col 1 to line 103, col 12 of module MC_Beefy>
@!@!@ENDMSG 2774 @!@!@
@!@!@STARTMSG 2221:0 @!@!@
  line 104, col 5 to line 104, col 48 of module MC_Beefy: 175250
@!@!@ENDMSG 2221 @!@!@
@!@!@STARTMSG 2221:0 @!@!@
  |line 104, col 23 to line 104, col 48 of module MC_Beefy: 525750
@!@!@ENDMSG 2221 @!@!@
@!@!@STARTMSG 2221:0 @!@!@
  |line 104, col 14 to line 104, col 19 of module MC_Beefy: 175250
@!@!@ENDMSG 2221 @!@!@
@!@!@STARTMSG 2775:0 @!@!@
  ||line 14, col 14 to line 14, col 25 of module MC_Beefy: 175250:701000
@!@!@ENDMSG 2775 @!@!@
@!@!@STARTMSG 2221:0 @!@!@
  |||line 14, col 15 to line 14, col 16 of module MC_Beefy: 175250
@!@!@ENDMSG 2221 @!@!@
@!@!@STARTMSG 2221:0 @!@!@
  |||line 14, col 19 to line 14, col 20 of module MC_Beefy: 175250
@!@!@ENDMSG 2221 @!@!@
@!@!@STARTMSG 2221:0 @!@!@
  |||line 14, col 23 to line 14, col 24 of module MC_Beefy: 175250
@!@!@ENDMSG 2221 @!@!@
@!@!@STARTMSG 2774:0 @!@!@
<PreviousMandatoryBlocksJustified line 82, col 1 to line 82, col 32 of module MC_Beefy>
@!@!@ENDMSG 2774 @!@!@
@!@!@STARTMSG 2221:0 @!@!@
  line 83, col 5 to line 90, col 24 of module MC_Beefy: 175250
@!@!@ENDMSG 2221 @!@!@
@!@!@STARTMSG 2221:0 @!@!@
  |line 84, col 9 to line 90, col 24 of module MC_Beefy: 701000
@!@!@ENDMSG 2221 @!@!@
@!@!@STARTMSG 2221:0 @!@!@
  ||line 84, col 9 to line 84, col 20 of module MC_Beefy: 701000
@!@!@ENDMSG 2221 @!@!@
@!@!@STARTMSG 2221:0 @!@!@
  |||line 238, col 5 to line 239, col 27 of module Beefy: 701000
@!@!@ENDMSG 2221 @!@!@
@!@!@STARTMSG 2221:0 @!@!@
  ||||line 238, col 8 to line 238, col 19 of module Beefy: 701000
@!@!@ENDMSG 2221 @!@!@
@!@!@STARTMSG 2221:0 @!@!@
  |||||line 228, col 5 to line 229, col 30 of module Beefy: 701000
@!@!@ENDMSG 2221 @!@!@
@!@!@STARTMSG 2221:0 @!@!@
  ||||||line 228, col 8 to line 228, col 18 of module Beefy: 701000
@!@!@ENDMSG 2221 @!@!@
@!@!@STARTMSG 2221:0 @!@!@
  |||||||line 178, col 5 to line 180, col 20 of module Beefy: 701000
@!@!@ENDMSG 2221 @!@!@
@!@!@STARTMSG 2221:0 @!@!@
  ||||||||line 178, col 8 to line 178, col 19 of module Beefy: 701000
@!@!@ENDMSG 2221 @!@!@
@!@!@STARTMSG 2221:0 @!@!@
  ||||||||line 179, col 8 to line 179, col 21 of module Beefy: 701000
@!@!@ENDMSG 2221 @!@!@
@!@!@STARTMSG 2221:0 @!@!@
  ||||||||line 180, col 8 to line 180, col 20 of module Beefy: 685489
@!@!@ENDMSG 2221 @!@!@
@!@!@STARTMSG 2221:0 @!@!@
  |||||||line 228, col 17 to line 228, col 17 of module Beefy: 701000
@!@!@ENDMSG 2221 @!@!@
@!@!@STARTMSG 2221:0 @!@!@
  ||||||line 229, col 8 to line 229, col 30 of module Beefy: 685489
@!@!@ENDMSG 2221 @!@!@
@!@!@STARTMSG 2221:0 @!@!@
  |||||line 238, col 18 to line 238, col 18 of module Beefy: 701000
@!@!@ENDMSG 2221 @!@!@
@!@!@STARTMSG 2221:0 @!@!@
  ||||line 239, col 8 to line 239, col 27 of module Beefy: 685489
@!@!@ENDMSG 2221 @!@!@
@!@!@STARTMSG 2221:0 @!@!@
  |||line 84, col 19 to line 84, col 19 of module MC_Beefy: 701000
@!@!@ENDMSG 2221 @!@!@
@!@!@STARTMSG 2221:0 @!@!@
  ||line 86, col 9 to line 90, col 24 of module MC_Beefy: 302284
@!@!@ENDMSG 2221 @!@!@
@!@!@STARTMSG 2221:0 @!@!@
  |||line 87, col 13 to line 90, col 24 of module MC_Beefy: 1209136
@!@!@ENDMSG 2221 @!@!@
@!@!@STARTMSG 2221:0 @!@!@
  ||||line 87, col 13 to line 88, col 37 of module MC_Beefy: 1209136
@!@!@ENDMSG 2221 @!@!@
@!@!@STARTMSG 2221:0 @!@!@
  |||||line 87, col 16 to line 87, col 29 of module MC_Beefy: 1209136
@!@!@ENDMSG 2221 @!@!@
@!@!@STARTMSG 2221:0 @!@!@
  ||||||line 639, col 5 to line 643, col 23 of module Beefy: 1209136
@!@!@ENDMSG 2221 @!@!@
@!@!@STARTMSG 2221:0 @!@!@
  |||||||line 639, col 8 to line 639, col 19 of module Beefy: 1209136
@!@!@ENDMSG 2221 @!@!@
@!@!@STARTMSG 2221:0 @!@!@
  ||||||||line 228, col 5 to line 229, col 30 of module Beefy: 1209136
@!@!@ENDMSG 2221 @!@!@
@!@!@STARTMSG 2221:0 @!@!@
  |||||||||line 228, col 8 to line 228, col 18 of module Beefy: 1209136
@!@!@ENDMSG 2221 @!@!@
@!@!@STARTMSG 2221:0 @!@!@
  ||||||||||line 178, col 5 to line 180, col 20 of module Beefy: 1209136
@!@!@ENDMSG 2221 @!@!@
@!@!@STARTMSG 2221:0 @!@!@
  |||||||||||line 178, col 8 to line 178, col 19 of module Beefy: 1209136
@!@!@ENDMSG 2221 @!@!@
@!@!@STARTMSG 2221:0 @!@!@
  |||||||||||line 179, col 8 to line 179, col 21 of module Beefy: 1209136
@!@!@ENDMSG 2221 @!@!@
@!@!@STARTMSG 2221:0 @!@!@
  |||||||||||line 180, col 8 to line 180, col 20 of module Beefy: 1182089
@!@!@ENDMSG 2221 @!@!@
@!@!@STARTMSG 2221:0 @!@!@
  ||||||||||line 228, col 17 to line 228, col 17 of module Beefy: 1209136
@!@!@ENDMSG 2221 @!@!@
@!@!@STARTMSG 2221:0 @!@!@
  |||||||||line 229, col 8 to line 229, col 30 of module Beefy: 1182089
@!@!@ENDMSG 2221 @!@!@
@!@!@STARTMSG 2221:0 @!@!@
  ||||||||line 639, col 18 to line 639, col 18 of module Beefy: 1209136
@!@!@ENDMSG 2221 @!@!@
@!@!@STARTMSG 2221:0 @!@!@
  |||||||line 640, col 8 to line 643, col 23 of module Beefy: 1182089
@!@!@ENDMSG 2221 @!@!@
@!@!@STARTMSG 2221:0 @!@!@
  ||||||||line 640, col 9 to line 643, col 23 of module Beefy: 1182089
@!@!@ENDMSG 2221 @!@!@
@!@!@STARTMSG 2221:0 @!@!@
  |||||||||line 641, col 9 to line 643, col 23 of module Beefy: 3424571
@!@!@ENDMSG 2221 @!@!@
@!@!@STARTMSG 2221:0 @!@!@
  ||||||||||line 641, col 12 to line 641, col 30 of module Beefy: 3424571
@!@!@ENDMSG 2221 @!@!@
@!@!@STARTMSG 2221:0 @!@!@
  ||||||||||line 642, col 12 to line 642, col 32 of module Beefy: 1720202
@!@!@ENDMSG 2221 @!@!@
@!@!@STARTMSG 2221:0 @!@!@
  ||||||||||line 643, col 12 to line 643, col 23 of module Beefy: 538113
@!@!@ENDMSG 2221 @!@!@
@!@!@STARTMSG 2221:0 @!@!@
  |||||||||line 640, col 18 to line 640, col 23 of module Beefy: 1182089
@!@!@ENDMSG 2221 @!@!@
@!@!@STARTMSG 2775:0 @!@!@
  ||||||||||line 20, col 14 to line 20, col 29 of module MC_Beefy: 1182089:4606660
@!@!@ENDMSG 2775 @!@!@
@!@!@STARTMSG 2221:0 @!@!@
  |||||||||||line 20, col 15 to line 20, col 16 of module MC_Beefy: 1182089
@!@!@ENDMSG 2221 @!@!@
@!@!@STARTMSG 2221:0 @!@!@
  |||||||||||line 20, col 19 to line 20, col 20 of module MC_Beefy: 1182089
@!@!@ENDMSG 2221 @!@!@
@!@!@STARTMSG 2221:0 @!@!@
  |||||||||||line 20, col 23 to line 20, col 24 of module MC_Beefy: 1182089
@!@!@ENDMSG 2221 @!@!@
@!@!@STARTMSG 2221:0 @!@!@
  |||||||||||line 20, col 27 to line 20, col 28 of module MC_Beefy: 1182089
@!@!@ENDMSG 2221 @!@!@
@!@!@STARTMSG 2221:0 @!@!@
  ||||||line 87, col 28 to line 87, col 28 of module MC_Beefy: 1209136
@!@!@ENDMSG 2221 @!@!@
@!@!@STARTMSG 2221:0 @!@!@
  |||||line 88, col 16 to line 88, col 37 of module MC_Beefy: 643976
@!@!@ENDMSG 2221 @!@!@
@!@!@STARTMSG 2221:0 @!@!@
  ||||line 90, col 13 to line 90, col 24 of module MC_Beefy: 378223
@!@!@ENDMSG 2221 @!@!@
@!@!@STARTMSG 2221:0 @!@!@
  |||line 86, col 18 to line 86, col 23 of module MC_Beefy: 302284
@!@!@ENDMSG 2221 @!@!@
@!@!@STARTMSG 2775:0 @!@!@
  ||||line 20, col 14 to line 20, col 29 of module MC_Beefy: 302284:1511420
@!@!@ENDMSG 2775 @!@!@
@!@!@STARTMSG 2221:0 @!@!@
  |||||line 20, col 15 to line 20, col 16 of module MC_Beefy: 302284
@!@!@ENDMSG 2221 @!@!@
@!@!@STARTMSG 2221:0 @!@!@
  |||||line 20, col 19 to line 20, col 20 of module MC_Beefy: 302284
@!@!@ENDMSG 2221 @!@!@
@!@!@STARTMSG 2221:0 @!@!@
  |||||line 20, col 23 to line 20, col 24 of module MC_Beefy: 302284
@!@!@ENDMSG 2221 @!@!@
@!@!@STARTMSG 2221:0 @!@!@
  |||||line 20, col 27 to line 20, col 28 of module MC_Beefy: 302284
@!@!@ENDMSG 2221 @!@!@
@!@!@STARTMSG 2221:0 @!@!@
  |line 83, col 14 to line 83, col 19 of module MC_Beefy: 175250
@!@!@ENDMSG 2221 @!@!@
@!@!@STARTMSG 2775:0 @!@!@
  ||line 20, col 14 to line 20, col 29 of module MC_Beefy: 175250:876250
@!@!@ENDMSG 2775 @!@!@
@!@!@STARTMSG 2221:0 @!@!@
  |||line 20, col 15 to line 20, col 16 of module MC_Beefy: 175250
@!@!@ENDMSG 2221 @!@!@
@!@!@STARTMSG 2221:0 @!@!@
  |||line 20, col 19 to line 20, col 20 of module MC_Beefy: 175250
@!@!@ENDMSG 2221 @!@!@
@!@!@STARTMSG 2221:0 @!@!@
  |||line 20, col 23 to line 20, col 24 of module MC_Beefy: 175250
@!@!@ENDMSG 2221 @!@!@
@!@!@STARTMSG 2221:0 @!@!@
  |||line 20, col 27 to line 20, col 28 of module MC_Beefy: 175250
@!@!@ENDMSG 2221 @!@!@
@!@!@STARTMSG 2774:0 @!@!@
<ActiveRoundMandatory line 95, col 1 to line 95, col 20 of module MC_Beefy>
@!@!@ENDMSG 2774 @!@!@
@!@!@STARTMSG 2221:0 @!@!@
  line 96, col 5 to line 101, col 43 of module MC_Beefy: 175250
@!@!@ENDMSG 2221 @!@!@
@!@!@STARTMSG 2221:0 @!@!@
  |line 97, col 9 to line 101, col 43 of module MC_Beefy: 525750
@!@!@ENDMSG 2221 @!@!@
@!@!@STARTMSG 2221:0 @!@!@
  ||line 98, col 13 to line 101, col 43 of module MC_Beefy: 274884
@!@!@ENDMSG 2221 @!@!@
@!@!@STARTMSG 2221:0 @!@!@
  |||line 99, col 17 to line 101, col 43 of module MC_Beefy: 1099536
@!@!@ENDMSG 2221 @!@!@
@!@!@STARTMSG 2221:0 @!@!@
  ||||line 99, col 17 to line 100, col 32 of module MC_Beefy: 1099536
@!@!@ENDMSG 2221 @!@!@
@!@!@STARTMSG 2221:0 @!@!@
  |||||line 99, col 20 to line 99, col 33 of module MC_Beefy: 1099536
@!@!@ENDMSG 2221 @!@!@
@!@!@STARTMSG 2221:0 @!@!@
  ||||||line 639, col 5 to line 643, col 23 of module Beefy: 1099536
@!@!@ENDMSG 2221 @!@!@
@!@!@STARTMSG 2221:0 @!@!@
  |||||||line 639, col 8 to line 639, col 19 of module Beefy: 1099536
@!@!@ENDMSG 2221 @!@!@
@!@!@STARTMSG 2221:0 @!@!@
  ||||||||line 228, col 5 to line 229, col 30 of module Beefy: 1099536
@!@!@ENDMSG 2221 @!@!@
@!@!@STARTMSG 2221:0 @!@!@
  |||||||||line 228, col 8 to line 228, col 18 of module Beefy: 1099536
@!@!@ENDMSG 2221 @!@!@
@!@!@STARTMSG 2221:0 @!@!@
  ||||||||||line 178, col 5 to line 180, col 20 of module Beefy: 1099536
@!@!@ENDMSG 2221 @!@!@
@!@!@STARTMSG 2221:0 @!@!@
  |||||||||||line 178, col 8 to line 178, col 19 of module Beefy: 1099536
@!@!@ENDMSG 2221 @!@!@
@!@!@STARTMSG 2221:0 @!@!@
  |||||||||||line 179, col 8 to line 179, col 21 of module Beefy: 1099536
@!@!@ENDMSG 2221 @!@!@
@!@!@STARTMSG 2221:0 @!@!@
  |||||||||||line 180, col 8 to line 180, col 20 of module Beefy: 1078740
@!@!@ENDMSG 2221 @!@!@
@!@!@STARTMSG 2221:0 @!@!@
  ||||||||||line 228, col 17 to line 228, col 17 of module Beefy: 1099536
@!@!@ENDMSG 2221 @!@!@
@!@!@STARTMSG 2221:0 @!@!@
  |||||||||line 229, col 8 to line 229, col 30 of module Beefy: 1078740
@!@!@ENDMSG 2221 @!@!@
@!@!@STARTMSG 2221:0 @!@!@
  ||||||||line 639, col 18 to line 639, col 18 of module Beefy: 1099536
@!@!@ENDMSG 2221 @!@!@
@!@!@STARTMSG 2221:0 @!@!@
  |||||||line 640, col 8 to line 643, col 23 of module Beefy: 1078740
@!@!@ENDMSG 2221 @!@!@
@!@!@STARTMSG 2221:0 @!@!@
  ||||||||line 640, col 9 to line 643, col 23 of module Beefy: 1078740
@!@!@ENDMSG 2221 @!@!@
@!@!@STARTMSG 2221:0 @!@!@
  |||||||||line 641, col 9 to line 643, col 23 of module Beefy: 3127652
@!@!@ENDMSG 2221 @!@!@
@!@!@STARTMSG 2221:0 @!@!@
  ||||||||||line 641, col 12 to line 641, col 30 of module Beefy: 3127652
@!@!@ENDMSG 2221 @!@!@
@!@!@STARTMSG 2221:0 @!@!@
  ||||||||||line 642, col 12 to line 642, col 32 of module Beefy: 1569758
@!@!@ENDMSG 2221 @!@!@
@!@!@STARTMSG 2221:0 @!@!@
  ||||||||||line 643, col 12 to line 643, col 23 of module Beefy: 491018
@!@!@ENDMSG 2221 @!@!@
@!@!@STARTMSG 2221:0 @!@!@
  |||||||||line 640, col 18 to line 640, col 23 of module Beefy: 1078740
@!@!@ENDMSG 2221 @!@!@
@!@!@STARTMSG 2775:0 @!@!@
  ||||||||||line 20, col 14 to line 20, col 29 of module MC_Beefy: 1078740:4206392
@!@!@ENDMSG 2775 @!@!@
@!@!@STARTMSG 2221:0 @!@!@
  |||||||||||line 20, col 15 to line 20, col 16 of module MC_Beefy: 1078740
@!@!@ENDMSG 2221 @!@!@
@!@!@STARTMSG 2221:0 @!@!@
  |||||||||||line 20, col 19 to line 20, col 20 of module MC_Beefy: 1078740
@!@!@ENDMSG 2221 @!@!@
@!@!@STARTMSG 2221:0 @!@!@
  |||||||||||line 20, col 23 to line 20, col 24 of module MC_Beefy: 1078740
@!@!@ENDMSG 2221 @!@!@
@!@!@STARTMSG 2221:0 @!@!@
  |||||||||||line 20, col 27 to line 20, col 28 of module MC_Beefy: 1078740
@!@!@ENDMSG 2221 @!@!@
@!@!@STARTMSG 2221:0 @!@!@
  ||||||line 99, col 32 to line 99, col 32 of module MC_Beefy: 1099536
@!@!@ENDMSG 2221 @!@!@
@!@!@STARTMSG 2221:0 @!@!@
  |||||line 100, col 20 to line 100, col 32 of module MC_Beefy: 587722
@!@!@ENDMSG 2221 @!@!@
@!@!@STARTMSG 2221:0 @!@!@
  ||||line 101, col 20 to line 101, col 43 of module MC_Beefy: 298936
@!@!@ENDMSG 2221 @!@!@
@!@!@STARTMSG 2221:0 @!@!@
  |||line 98, col 22 to line 98, col 27 of module MC_Beefy: 274884
@!@!@ENDMSG 2221 @!@!@
@!@!@STARTMSG 2775:0 @!@!@
  ||||line 20, col 14 to line 20, col 29 of module MC_Beefy: 274884:1374420
@!@!@ENDMSG 2775 @!@!@
@!@!@STARTMSG 2221:0 @!@!@
  |||||line 20, col 15 to line 20, col 16 of module MC_Beefy: 274884
@!@!@ENDMSG 2221 @!@!@
@!@!@STARTMSG 2221:0 @!@!@
  |||||line 20, col 19 to line 20, col 20 of module MC_Beefy: 274884
@!@!@ENDMSG 2221 @!@!@
@!@!@STARTMSG 2221:0 @!@!@
  |||||line 20, col 23 to line 20, col 24 of module MC_Beefy: 274884
@!@!@ENDMSG 2221 @!@!@
@!@!@STARTMSG 2221:0 @!@!@
  |||||line 20, col 27 to line 20, col 28 of module MC_Beefy: 274884
@!@!@ENDMSG 2221 @!@!@
@!@!@STARTMSG 2221:0 @!@!@
  ||line 97, col 18 to line 97, col 25 of module MC_Beefy: 525750
@!@!@ENDMSG 2221 @!@!@
@!@!@STARTMSG 2221:0 @!@!@
  |line 96, col 14 to line 96, col 19 of module MC_Beefy: 175250
@!@!@ENDMSG 2221 @!@!@
@!@!@STARTMSG 2775:0 @!@!@
  ||line 14, col 14 to line 14, col 25 of module MC_Beefy: 175250:701000
@!@!@ENDMSG 2775 @!@!@
@!@!@STARTMSG 2221:0 @!@!@
  |||line 14, col 15 to line 14, col 16 of module MC_Beefy: 175250
@!@!@ENDMSG 2221 @!@!@
@!@!@STARTMSG 2221:0 @!@!@
  |||line 14, col 19 to line 14, col 20 of module MC_Beefy: 175250
@!@!@ENDMSG 2221 @!@!@
@!@!@STARTMSG 2221:0 @!@!@
  |||line 14, col 23 to line 14, col 24 of module MC_Beefy: 175250
@!@!@ENDMSG 2221 @!@!@
@!@!@STARTMSG 2202:0 @!@!@
End of statistics.
@!@!@ENDMSG 2202 @!@!@
@!@!@STARTMSG 2200:0 @!@!@
Progress(16) at 2026-04-07 13:25:12: 1,073,675 states generated (989,136 s/min), 175,250 distinct states found (161,451 ds/min), 37,345 states left on queue.
@!@!@ENDMSG 2200 @!@!@
@!@!@STARTMSG 2199:0 @!@!@
1073675 states generated, 175250 distinct states found, 37345 states left on queue.
@!@!@ENDMSG 2199 @!@!@
@!@!@STARTMSG 2194:0 @!@!@
The depth of the complete state graph search is 16.
@!@!@ENDMSG 2194 @!@!@
@!@!@STARTMSG 2186:0 @!@!@
Finished in 65128ms at (2026-04-07 13:25:12)
@!@!@ENDMSG 2186 @!@!@
